../Core/Src/main.c:74:6:HAL_UART_RxCpltCallback	16	static
../Core/Src/main.c:88:6:HAL_UART_TxCpltCallback	16	static
../Core/Src/main.c:104:5:main	8	static
../Core/Src/main.c:164:6:SystemClock_Config	88	static
../Core/Src/main.c:210:13:MX_I2C1_Init	8	static
../Core/Src/main.c:244:13:MX_I2S3_Init	8	static
../Core/Src/main.c:278:13:MX_SPI1_Init	8	static
../Core/Src/main.c:316:13:MX_USART3_UART_Init	8	static
../Core/Src/main.c:349:13:MX_GPIO_Init	56	static
../Core/Src/main.c:448:6:Error_Handler	4	static,ignoring_inline_asm
