Archive member included to satisfy reference by file (symbol)

e:/st/stm32cubeide_1.12.1/stm32cubeide/plugins/com.st.stm32cube.ide.mcu.externaltools.gnu-tools-for-stm32.10.3-2021.10.win32_1.0.200.202301161003/tools/bin/../lib/gcc/arm-none-eabi/10.3.1/../../../../arm-none-eabi/lib/thumb/v7e-m+fp/hard\libc_nano.a(lib_a-errno.o)
                              ./Core/Src/syscalls.o (__errno)
e:/st/stm32cubeide_1.12.1/stm32cubeide/plugins/com.st.stm32cube.ide.mcu.externaltools.gnu-tools-for-stm32.10.3-2021.10.win32_1.0.200.202301161003/tools/bin/../lib/gcc/arm-none-eabi/10.3.1/../../../../arm-none-eabi/lib/thumb/v7e-m+fp/hard\libc_nano.a(lib_a-exit.o)
                              e:/st/stm32cubeide_1.12.1/stm32cubeide/plugins/com.st.stm32cube.ide.mcu.externaltools.gnu-tools-for-stm32.10.3-2021.10.win32_1.0.200.202301161003/tools/bin/../lib/gcc/arm-none-eabi/10.3.1/../../../../arm-none-eabi/lib/thumb/v7e-m+fp/hard/crt0.o (exit)
e:/st/stm32cubeide_1.12.1/stm32cubeide/plugins/com.st.stm32cube.ide.mcu.externaltools.gnu-tools-for-stm32.10.3-2021.10.win32_1.0.200.202301161003/tools/bin/../lib/gcc/arm-none-eabi/10.3.1/../../../../arm-none-eabi/lib/thumb/v7e-m+fp/hard\libc_nano.a(lib_a-impure.o)
                              e:/st/stm32cubeide_1.12.1/stm32cubeide/plugins/com.st.stm32cube.ide.mcu.externaltools.gnu-tools-for-stm32.10.3-2021.10.win32_1.0.200.202301161003/tools/bin/../lib/gcc/arm-none-eabi/10.3.1/../../../../arm-none-eabi/lib/thumb/v7e-m+fp/hard\libc_nano.a(lib_a-exit.o) (_global_impure_ptr)
e:/st/stm32cubeide_1.12.1/stm32cubeide/plugins/com.st.stm32cube.ide.mcu.externaltools.gnu-tools-for-stm32.10.3-2021.10.win32_1.0.200.202301161003/tools/bin/../lib/gcc/arm-none-eabi/10.3.1/../../../../arm-none-eabi/lib/thumb/v7e-m+fp/hard\libc_nano.a(lib_a-init.o)
                              e:/st/stm32cubeide_1.12.1/stm32cubeide/plugins/com.st.stm32cube.ide.mcu.externaltools.gnu-tools-for-stm32.10.3-2021.10.win32_1.0.200.202301161003/tools/bin/../lib/gcc/arm-none-eabi/10.3.1/../../../../arm-none-eabi/lib/thumb/v7e-m+fp/hard/crt0.o (__libc_init_array)
e:/st/stm32cubeide_1.12.1/stm32cubeide/plugins/com.st.stm32cube.ide.mcu.externaltools.gnu-tools-for-stm32.10.3-2021.10.win32_1.0.200.202301161003/tools/bin/../lib/gcc/arm-none-eabi/10.3.1/../../../../arm-none-eabi/lib/thumb/v7e-m+fp/hard\libc_nano.a(lib_a-malloc.o)
                              ./Middlewares/ST/STM32_USB_Host_Library/Class/CDC/Src/usbh_cdc.o (malloc)
e:/st/stm32cubeide_1.12.1/stm32cubeide/plugins/com.st.stm32cube.ide.mcu.externaltools.gnu-tools-for-stm32.10.3-2021.10.win32_1.0.200.202301161003/tools/bin/../lib/gcc/arm-none-eabi/10.3.1/../../../../arm-none-eabi/lib/thumb/v7e-m+fp/hard\libc_nano.a(lib_a-memset.o)
                              e:/st/stm32cubeide_1.12.1/stm32cubeide/plugins/com.st.stm32cube.ide.mcu.externaltools.gnu-tools-for-stm32.10.3-2021.10.win32_1.0.200.202301161003/tools/bin/../lib/gcc/arm-none-eabi/10.3.1/../../../../arm-none-eabi/lib/thumb/v7e-m+fp/hard/crt0.o (memset)
e:/st/stm32cubeide_1.12.1/stm32cubeide/plugins/com.st.stm32cube.ide.mcu.externaltools.gnu-tools-for-stm32.10.3-2021.10.win32_1.0.200.202301161003/tools/bin/../lib/gcc/arm-none-eabi/10.3.1/../../../../arm-none-eabi/lib/thumb/v7e-m+fp/hard\libc_nano.a(lib_a-nano-freer.o)
                              e:/st/stm32cubeide_1.12.1/stm32cubeide/plugins/com.st.stm32cube.ide.mcu.externaltools.gnu-tools-for-stm32.10.3-2021.10.win32_1.0.200.202301161003/tools/bin/../lib/gcc/arm-none-eabi/10.3.1/../../../../arm-none-eabi/lib/thumb/v7e-m+fp/hard\libc_nano.a(lib_a-malloc.o) (_free_r)
e:/st/stm32cubeide_1.12.1/stm32cubeide/plugins/com.st.stm32cube.ide.mcu.externaltools.gnu-tools-for-stm32.10.3-2021.10.win32_1.0.200.202301161003/tools/bin/../lib/gcc/arm-none-eabi/10.3.1/../../../../arm-none-eabi/lib/thumb/v7e-m+fp/hard\libc_nano.a(lib_a-nano-mallocr.o)
                              e:/st/stm32cubeide_1.12.1/stm32cubeide/plugins/com.st.stm32cube.ide.mcu.externaltools.gnu-tools-for-stm32.10.3-2021.10.win32_1.0.200.202301161003/tools/bin/../lib/gcc/arm-none-eabi/10.3.1/../../../../arm-none-eabi/lib/thumb/v7e-m+fp/hard\libc_nano.a(lib_a-malloc.o) (_malloc_r)
e:/st/stm32cubeide_1.12.1/stm32cubeide/plugins/com.st.stm32cube.ide.mcu.externaltools.gnu-tools-for-stm32.10.3-2021.10.win32_1.0.200.202301161003/tools/bin/../lib/gcc/arm-none-eabi/10.3.1/../../../../arm-none-eabi/lib/thumb/v7e-m+fp/hard\libc_nano.a(lib_a-sbrkr.o)
                              e:/st/stm32cubeide_1.12.1/stm32cubeide/plugins/com.st.stm32cube.ide.mcu.externaltools.gnu-tools-for-stm32.10.3-2021.10.win32_1.0.200.202301161003/tools/bin/../lib/gcc/arm-none-eabi/10.3.1/../../../../arm-none-eabi/lib/thumb/v7e-m+fp/hard\libc_nano.a(lib_a-nano-mallocr.o) (_sbrk_r)
e:/st/stm32cubeide_1.12.1/stm32cubeide/plugins/com.st.stm32cube.ide.mcu.externaltools.gnu-tools-for-stm32.10.3-2021.10.win32_1.0.200.202301161003/tools/bin/../lib/gcc/arm-none-eabi/10.3.1/../../../../arm-none-eabi/lib/thumb/v7e-m+fp/hard\libc_nano.a(lib_a-strncmp.o)
[...]
Memory Configuration

Name             Origin             Length             Attributes
CCMRAM           0x0000000010000000 0x0000000000010000 xrw
RAM              0x0000000020000000 0x0000000000020000 xrw
FLASH            0x0000000008000000 0x0000000000100000 xr
*default*        0x0000000000000000 0xffffffffffffffff

Linker script and memory map

LOAD e:/st/stm32cubeide_1.12.1/stm32cubeide/plugins/com.st.stm32cube.ide.mcu.externaltools.gnu-tools-for-stm32.10.3-2021.10.win32_1.0.200.202301161003/tools/bin/../lib/gcc/arm-none-eabi/10.3.1/thumb/v7e-m+fp/hard/crti.o
LOAD e:/st/stm32cubeide_1.12.1/stm32cubeide/plugins/com.st.stm32cube.ide.mcu.externaltools.gnu-tools-for-stm32.10.3-2021.10.win32_1.0.200.202301161003/tools/bin/../lib/gcc/arm-none-eabi/10.3.1/thumb/v7e-m+fp/hard/crtbegin.o
LOAD e:/st/stm32cubeide_1.12.1/stm32cubeide/plugins/com.st.stm32cube.ide.mcu.externaltools.gnu-tools-for-stm32.10.3-2021.10.win32_1.0.200.202301161003/tools/bin/../lib/gcc/arm-none-eabi/10.3.1/../../../../arm-none-eabi/lib/thumb/v7e-m+fp/hard/crt0.o
LOAD ./Core/Src/main.o
LOAD ./Core/Src/stm32f4xx_hal_msp.o
LOAD ./Core/Src/stm32f4xx_it.o
LOAD ./Core/Src/syscalls.o
LOAD ./Core/Src/sysmem.o
LOAD ./Core/Src/system_stm32f4xx.o
LOAD ./Core/Startup/startup_stm32f407vgtx.o
LOAD ./Drivers/STM32F4xx_HAL_Driver/Src/stm32f4xx_hal.o
LOAD ./Drivers/STM32F4xx_HAL_Driver/Src/stm32f4xx_hal_cortex.o
LOAD ./Drivers/STM32F4xx_HAL_Driver/Src/stm32f4xx_hal_dma.o
LOAD ./Drivers/STM32F4xx_HAL_Driver/Src/stm32f4xx_hal_dma_ex.o
LOAD ./Drivers/STM32F4xx_HAL_Driver/Src/stm32f4xx_hal_exti.o
LOAD ./Drivers/STM32F4xx_HAL_Driver/Src/stm32f4xx_hal_flash.o
LOAD ./Drivers/STM32F4xx_HAL_Driver/Src/stm32f4xx_hal_flash_ex.o
LOAD ./Drivers/STM32F4xx_HAL_Driver/Src/stm32f4xx_hal_flash_ramfunc.o
LOAD ./Drivers/STM32F4xx_HAL_Driver/Src/stm32f4xx_hal_gpio.o
LOAD ./Drivers/STM32F4xx_HAL_Driver/Src/stm32f4xx_hal_hcd.o
LOAD ./Drivers/STM32F4xx_HAL_Driver/Src/stm32f4xx_hal_i2c.o
LOAD ./Drivers/STM32F4xx_HAL_Driver/Src/stm32f4xx_hal_i2c_ex.o
LOAD ./Drivers/STM32F4xx_HAL_Driver/Src/stm32f4xx_hal_i2s.o
LOAD ./Drivers/STM32F4xx_HAL_Driver/Src/stm32f4xx_hal_i2s_ex.o
LOAD ./Drivers/STM32F4xx_HAL_Driver/Src/stm32f4xx_hal_pwr.o
LOAD ./Drivers/STM32F4xx_HAL_Driver/Src/stm32f4xx_hal_pwr_ex.o
LOAD ./Drivers/STM32F4xx_HAL_Driver/Src/stm32f4xx_hal_rcc.o
LOAD ./Drivers/STM32F4xx_HAL_Driver/Src/stm32f4xx_hal_rcc_ex.o
LOAD ./Drivers/STM32F4xx_HAL_Driver/Src/stm32f4xx_hal_spi.o
LOAD ./Drivers/STM32F4xx_HAL_Driver/Src/stm32f4xx_hal_tim.o
LOAD ./Drivers/STM32F4xx_HAL_Driver/Src/stm32f4xx_hal_tim_ex.o
LOAD ./Drivers/STM32F4xx_HAL_Driver/Src/stm32f4xx_hal_uart.o
LOAD ./Drivers/STM32F4xx_HAL_Driver/Src/stm32f4xx_ll_usb.o
LOAD ./Middlewares/ST/STM32_USB_Host_Library/Class/CDC/Src/usbh_cdc.o
LOAD ./Middlewares/ST/STM32_USB_Host_Library/Core/Src/usbh_core.o
LOAD ./Middlewares/ST/STM32_USB_Host_Library/Core/Src/usbh_ctlreq.o
LOAD ./Middlewares/ST/STM32_USB_Host_Library/Core/Src/usbh_ioreq.o
LOAD ./Middlewares/ST/STM32_USB_Host_Library/Core/Src/usbh_pipes.o
LOAD ./USB_HOST/App/usb_host.o
LOAD ./USB_HOST/Target/usbh_conf.o
LOAD ./USB_HOST/Target/usbh_platform.o
START GROUP
LOAD e:/st/stm32cubeide_1.12.1/stm32cubeide/plugins/com.st.stm32cube.ide.mcu.externaltools.gnu-tools-for-stm32.10.3-2021.10.win32_1.0.200.202301161003/tools/bin/../lib/gcc/arm-none-eabi/10.3.1/../../../../arm-none-eabi/lib/thumb/v7e-m+fp/hard\libc_nano.a
LOAD e:/st/stm32cubeide_1.12.1/stm32cubeide/plugins/com.st.stm32cube.ide.mcu.externaltools.gnu-tools-for-stm32.10.3-2021.10.win32_1.0.200.202301161003/tools/bin/../lib/gcc/arm-none-eabi/10.3.1/../../../../arm-none-eabi/lib/thumb/v7e-m+fp/hard\libm.a
END GROUP
START GROUP
LOAD e:/st/stm32cubeide_1.12.1/stm32cubeide/plugins/com.st.stm32cube.ide.mcu.externaltools.gnu-tools-for-stm32.10.3-2021.10.win32_1.0.200.202301161003/tools/bin/../lib/gcc/arm-none-eabi/10.3.1/thumb/v7e-m+fp/hard\libgcc.a
LOAD e:/st/stm32cubeide_1.12.1/stm32cubeide/plugins/com.st.stm32cube.ide.mcu.externaltools.gnu-tools-for-stm32.10.3-2021.10.win32_1.0.200.202301161003/tools/bin/../lib/gcc/arm-none-eabi/10.3.1/../../../../arm-none-eabi/lib/thumb/v7e-m+fp/hard\libc_nano.a
END GROUP
START GROUP
LOAD e:/st/stm32cubeide_1.12.1/stm32cubeide/plugins/com.st.stm32cube.ide.mcu.externaltools.gnu-tools-for-stm32.10.3-2021.10.win32_1.0.200.202301161003/tools/bin/../lib/gcc/arm-none-eabi/10.3.1/thumb/v7e-m+fp/hard\libgcc.a
LOAD e:/st/stm32cubeide_1.12.1/stm32cubeide/plugins/com.st.stm32cube.ide.mcu.externaltools.gnu-tools-for-stm32.10.3-2021.10.win32_1.0.200.202301161003/tools/bin/../lib/gcc/arm-none-eabi/10.3.1/../../../../arm-none-eabi/lib/thumb/v7e-m+fp/hard\libc_nano.a
LOAD e:/st/stm32cubeide_1.12.1/stm32cubeide/plugins/com.st.stm32cube.ide.mcu.externaltools.gnu-tools-for-stm32.10.3-2021.10.win32_1.0.200.202301161003/tools/bin/../lib/gcc/arm-none-eabi/10.3.1/../../../../arm-none-eabi/lib/thumb/v7e-m+fp/hard\libnosys.a
END GROUP
START GROUP
LOAD e:/st/stm32cubeide_1.12.1/stm32cubeide/plugins/com.st.stm32cube.ide.mcu.externaltools.gnu-tools-for-stm32.10.3-2021.10.win32_1.0.200.202301161003/tools/bin/../lib/gcc/arm-none-eabi/10.3.1/thumb/v7e-m+fp/hard\libgcc.a
LOAD e:/st/stm32cubeide_1.12.1/stm32cubeide/plugins/com.st.stm32cube.ide.mcu.externaltools.gnu-tools-for-stm32.10.3-2021.10.win32_1.0.200.202301161003/tools/bin/../lib/gcc/arm-none-eabi/10.3.1/../../../../arm-none-eabi/lib/thumb/v7e-m+fp/hard\libc_nano.a
LOAD e:/st/stm32cubeide_1.12.1/stm32cubeide/plugins/com.st.stm32cube.ide.mcu.externaltools.gnu-tools-for-stm32.10.3-2021.10.win32_1.0.200.202301161003/tools/bin/../lib/gcc/arm-none-eabi/10.3.1/../../../../arm-none-eabi/lib/thumb/v7e-m+fp/hard\libnosys.a
END GROUP
LOAD e:/st/stm32cubeide_1.12.1/stm32cubeide/plugins/com.st.stm32cube.ide.mcu.externaltools.gnu-tools-for-stm32.10.3-2021.10.win32_1.0.200.202301161003/tools/bin/../lib/gcc/arm-none-eabi/10.3.1/thumb/v7e-m+fp/hard/crtend.o
LOAD e:/st/stm32cubeide_1.12.1/stm32cubeide/plugins/com.st.stm32cube.ide.mcu.externaltools.gnu-tools-for-stm32.10.3-2021.10.win32_1.0.200.202301161003/tools/bin/../lib/gcc/arm-none-eabi/10.3.1/thumb/v7e-m+fp/hard/crtn.o
                0x0000000020020000                _estack = (ORIGIN (RAM) + LENGTH (RAM))
                0x0000000000000200                _Min_Heap_Size = 0x200
                0x0000000000000400                _Min_Stack_Size = 0x400

.isr_vector     0x0000000008000000      0x188
                0x0000000008000000                . = ALIGN (0x4)
 *(.isr_vector)
 .isr_vector    0x0000000008000000      0x188 ./Core/Startup/startup_stm32f407vgtx.o
                0x0000000008000000                g_pfnVectors
                0x0000000008000188                . = ALIGN (0x4)

.text           0x0000000008000188     0x8dfc
                0x0000000008000188                . = ALIGN (0x4)
 *(.text)
 .text          0x0000000008000188       0x40 e:/st/stm32cubeide_1.12.1/stm32cubeide/plugins/com.st.stm32cube.ide.mcu.externaltools.gnu-tools-for-stm32.10.3-2021.10.win32_1.0.200.202301161003/tools/bin/../lib/gcc/arm-none-eabi/10.3.1/thumb/v7e-m+fp/hard/crtbegin.o
 .text          0x00000000080001c8       0x30 e:/st/stm32cubeide_1.12.1/stm32cubeide/plugins/com.st.stm32cube.ide.mcu.externaltools.gnu-tools-for-stm32.10.3-2021.10.win32_1.0.200.202301161003/tools/bin/../lib/gcc/arm-none-eabi/10.3.1/thumb/v7e-m+fp/hard\libgcc.a(_aeabi_uldivmod.o)
                0x00000000080001c8                __aeabi_uldivmod
 .text          0x00000000080001f8      0x2d0 e:/st/stm32cubeide_1.12.1/stm32cubeide/plugins/com.st.stm32cube.ide.mcu.externaltools.gnu-tools-for-stm32.10.3-2021.10.win32_1.0.200.202301161003/tools/bin/../lib/gcc/arm-none-eabi/10.3.1/thumb/v7e-m+fp/hard\libgcc.a(_udivmoddi4.o)
                0x00000000080001f8                __udivmoddi4
 .text          0x00000000080004c8        0x4 e:/st/stm32cubeide_1.12.1/stm32cubeide/plugins/com.st.stm32cube.ide.mcu.externaltools.gnu-tools-for-stm32.10.3-2021.10.win32_1.0.200.202301161003/tools/bin/../lib/gcc/arm-none-eabi/10.3.1/thumb/v7e-m+fp/hard\libgcc.a(_dvmd_tls.o)
                0x00000000080004c8                __aeabi_idiv0
                0x00000000080004c8                __aeabi_ldiv0
 *(.text*)
 .text.HAL_UART_RxCpltCallback
                0x00000000080004cc       0x6c ./Core/Src/main.o
                0x00000000080004cc                HAL_UART_RxCpltCallback
 .text.HAL_UART_TxCpltCallback
                0x0000000008000538       0x24 ./Core/Src/main.o
                0x0000000008000538                HAL_UART_TxCpltCallback
 .text.main     0x000000000800055c       0x8c ./Core/Src/main.o
                0x000000000800055c                main
 .text.SystemClock_Config
                0x00000000080005e8       0xd4 ./Core/Src/main.o
                0x00000000080005e8                SystemClock_Config
 .text.MX_I2C1_Init
                0x00000000080006bc       0x5c ./Core/Src/main.o
 .text.MX_I2S3_Init
                0x0000000008000718       0x60 ./Core/Src/main.o
 .text.MX_SPI1_Init
                0x0000000008000778       0x6c ./Core/Src/main.o
 .text.MX_USART3_UART_Init
                0x00000000080007e4       0x54 ./Core/Src/main.o
 .text.MX_GPIO_Init
                0x0000000008000838      0x1fc ./Core/Src/main.o
 .text.Error_Handler
                0x0000000008000a34        0xa ./Core/Src/main.o
                0x0000000008000a34                Error_Handler
 *fill*         0x0000000008000a3e        0x2 
 .text.HAL_MspInit
                0x0000000008000a40       0x50 ./Core/Src/stm32f4xx_hal_msp.o
                0x0000000008000a40                HAL_MspInit
 .text.HAL_I2C_MspInit
                0x0000000008000a90       0x90 ./Core/Src/stm32f4xx_hal_msp.o
                0x0000000008000a90                HAL_I2C_MspInit
 .text.HAL_I2S_MspInit
                0x0000000008000b20      0x100 ./Core/Src/stm32f4xx_hal_msp.o
                0x0000000008000b20                HAL_I2S_MspInit
 .text.HAL_SPI_MspInit
                0x0000000008000c20       0x90 ./Core/Src/stm32f4xx_hal_msp.o
                0x0000000008000c20                HAL_SPI_MspInit
 .text.HAL_UART_MspInit
                0x0000000008000cb0       0xe4 ./Core/Src/stm32f4xx_hal_msp.o
                0x0000000008000cb0                HAL_UART_MspInit
 .text.NMI_Handler
                0x0000000008000d94        0x6 ./Core/Src/stm32f4xx_it.o
                0x0000000008000d94                NMI_Handler
 .text.HardFault_Handler
                0x0000000008000d9a        0x6 ./Core/Src/stm32f4xx_it.o
                0x0000000008000d9a                HardFault_Handler
 .text.MemManage_Handler
                0x0000000008000da0        0x6 ./Core/Src/stm32f4xx_it.o
                0x0000000008000da0                MemManage_Handler
 .text.BusFault_Handler
                0x0000000008000da6        0x6 ./Core/Src/stm32f4xx_it.o
                0x0000000008000da6                BusFault_Handler
 .text.UsageFault_Handler
                0x0000000008000dac        0x6 ./Core/Src/stm32f4xx_it.o
                0x0000000008000dac                UsageFault_Handler
 .text.SVC_Handler
                0x0000000008000db2        0xe ./Core/Src/stm32f4xx_it.o
                0x0000000008000db2                SVC_Handler
 .text.DebugMon_Handler
                0x0000000008000dc0        0xe ./Core/Src/stm32f4xx_it.o
                0x0000000008000dc0                DebugMon_Handler
 .text.PendSV_Handler
                0x0000000008000dce        0xe ./Core/Src/stm32f4xx_it.o
                0x0000000008000dce                PendSV_Handler
 .text.SysTick_Handler
                0x0000000008000ddc        0xc ./Core/Src/stm32f4xx_it.o
                0x0000000008000ddc                SysTick_Handler
 .text.USART3_IRQHandler
                0x0000000008000de8       0x14 ./Core/Src/stm32f4xx_it.o
                0x0000000008000de8                USART3_IRQHandler
 .text.OTG_FS_IRQHandler
                0x0000000008000dfc       0x14 ./Core/Src/stm32f4xx_it.o
                0x0000000008000dfc                OTG_FS_IRQHandler
 .text._sbrk    0x0000000008000e10       0x6c ./Core/Src/sysmem.o
                0x0000000008000e10                _sbrk
 .text.SystemInit
                0x0000000008000e7c       0x24 ./Core/Src/system_stm32f4xx.o
                0x0000000008000e7c                SystemInit
 .text.Reset_Handler
                0x0000000008000ea0       0x50 ./Core/Startup/startup_stm32f407vgtx.o
                0x0000000008000ea0                Reset_Handler
 .text.Default_Handler
                0x0000000008000ef0        0x2 ./Core/Startup/startup_stm32f407vgtx.o
                0x0000000008000ef0                RTC_Alarm_IRQHandler
                0x0000000008000ef0                HASH_RNG_IRQHandler
                0x0000000008000ef0                EXTI2_IRQHandler
                0x0000000008000ef0                TIM8_CC_IRQHandler
                0x0000000008000ef0                TIM1_CC_IRQHandler
                0x0000000008000ef0                DMA2_Stream5_IRQHandler
                0x0000000008000ef0                DMA1_Stream5_IRQHandler
                0x0000000008000ef0                PVD_IRQHandler
                0x0000000008000ef0                SDIO_IRQHandler
                0x0000000008000ef0                TAMP_STAMP_IRQHandler
                0x0000000008000ef0                CAN2_RX1_IRQHandler
                0x0000000008000ef0                EXTI3_IRQHandler
                0x0000000008000ef0                TIM8_TRG_COM_TIM14_IRQHandler
                0x0000000008000ef0                TIM1_UP_TIM10_IRQHandler
                0x0000000008000ef0                TIM8_UP_TIM13_IRQHandler
                0x0000000008000ef0                I2C3_ER_IRQHandler
                0x0000000008000ef0                EXTI0_IRQHandler
                0x0000000008000ef0                I2C2_EV_IRQHandler
                0x0000000008000ef0                DMA1_Stream2_IRQHandler
                0x0000000008000ef0                CAN1_RX0_IRQHandler
                0x0000000008000ef0                FPU_IRQHandler
                0x0000000008000ef0                OTG_HS_WKUP_IRQHandler
                0x0000000008000ef0                CAN2_SCE_IRQHandler
                0x0000000008000ef0                DMA2_Stream2_IRQHandler
                0x0000000008000ef0                SPI1_IRQHandler
                0x0000000008000ef0                TIM6_DAC_IRQHandler
                0x0000000008000ef0                TIM1_BRK_TIM9_IRQHandler
                0x0000000008000ef0                DCMI_IRQHandler
                0x0000000008000ef0                CAN2_RX0_IRQHandler
                0x0000000008000ef0                DMA2_Stream3_IRQHandler
                0x0000000008000ef0                USART6_IRQHandler
                0x0000000008000ef0                CAN1_RX1_IRQHandler
                0x0000000008000ef0                UART5_IRQHandler
                0x0000000008000ef0                DMA2_Stream0_IRQHandler
                0x0000000008000ef0                TIM4_IRQHandler
                0x0000000008000ef0                I2C1_EV_IRQHandler
                0x0000000008000ef0                DMA1_Stream6_IRQHandler
                0x0000000008000ef0                DMA1_Stream1_IRQHandler
                0x0000000008000ef0                UART4_IRQHandler
                0x0000000008000ef0                TIM3_IRQHandler
                0x0000000008000ef0                RCC_IRQHandler
                0x0000000008000ef0                TIM8_BRK_TIM12_IRQHandler
                0x0000000008000ef0                Default_Handler
                0x0000000008000ef0                EXTI15_10_IRQHandler
                0x0000000008000ef0                ADC_IRQHandler
                0x0000000008000ef0                DMA1_Stream7_IRQHandler
                0x0000000008000ef0                TIM7_IRQHandler
                0x0000000008000ef0                CAN2_TX_IRQHandler
                0x0000000008000ef0                TIM5_IRQHandler
                0x0000000008000ef0                DMA2_Stream7_IRQHandler
                0x0000000008000ef0                I2C3_EV_IRQHandler
                0x0000000008000ef0                EXTI9_5_IRQHandler
                0x0000000008000ef0                RTC_WKUP_IRQHandler
                0x0000000008000ef0                ETH_WKUP_IRQHandler
                0x0000000008000ef0                SPI2_IRQHandler
                0x0000000008000ef0                OTG_HS_EP1_IN_IRQHandler
                0x0000000008000ef0                DMA1_Stream0_IRQHandler
                0x0000000008000ef0                CAN1_TX_IRQHandler
                0x0000000008000ef0                EXTI4_IRQHandler
                0x0000000008000ef0                FSMC_IRQHandler
                0x0000000008000ef0                ETH_IRQHandler
                0x0000000008000ef0                OTG_HS_EP1_OUT_IRQHandler
                0x0000000008000ef0                WWDG_IRQHandler
                0x0000000008000ef0                TIM2_IRQHandler
                0x0000000008000ef0                OTG_FS_WKUP_IRQHandler
                0x0000000008000ef0                TIM1_TRG_COM_TIM11_IRQHandler
                0x0000000008000ef0                OTG_HS_IRQHandler
                0x0000000008000ef0                EXTI1_IRQHandler
                0x0000000008000ef0                USART2_IRQHandler
                0x0000000008000ef0                I2C2_ER_IRQHandler
                0x0000000008000ef0                DMA2_Stream1_IRQHandler
                0x0000000008000ef0                CAN1_SCE_IRQHandler
                0x0000000008000ef0                FLASH_IRQHandler
                0x0000000008000ef0                DMA2_Stream4_IRQHandler
                0x0000000008000ef0                USART1_IRQHandler
                0x0000000008000ef0                SPI3_IRQHandler
                0x0000000008000ef0                DMA1_Stream4_IRQHandler
                0x0000000008000ef0                I2C1_ER_IRQHandler
                0x0000000008000ef0                DMA2_Stream6_IRQHandler
                0x0000000008000ef0                DMA1_Stream3_IRQHandler
 *fill*         0x0000000008000ef2        0x2 
 .text.HAL_Init
                0x0000000008000ef4       0x44 ./Drivers/STM32F4xx_HAL_Driver/Src/stm32f4xx_hal.o
                0x0000000008000ef4                HAL_Init
 .text.HAL_InitTick
                0x0000000008000f38       0x60 ./Drivers/STM32F4xx_HAL_Driver/Src/stm32f4xx_hal.o
                0x0000000008000f38                HAL_InitTick
 .text.HAL_IncTick
                0x0000000008000f98       0x28 ./Drivers/STM32F4xx_HAL_Driver/Src/stm32f4xx_hal.o
                0x0000000008000f98                HAL_IncTick
 .text.HAL_GetTick
                0x0000000008000fc0       0x18 ./Drivers/STM32F4xx_HAL_Driver/Src/stm32f4xx_hal.o
                0x0000000008000fc0                HAL_GetTick
 .text.HAL_Delay
                0x0000000008000fd8       0x48 ./Drivers/STM32F4xx_HAL_Driver/Src/stm32f4xx_hal.o
                0x0000000008000fd8                HAL_Delay
 .text.__NVIC_SetPriorityGrouping
                0x0000000008001020       0x48 ./Drivers/STM32F4xx_HAL_Driver/Src/stm32f4xx_hal_cortex.o
 .text.__NVIC_GetPriorityGrouping
                0x0000000008001068       0x1c ./Drivers/STM32F4xx_HAL_Driver/Src/stm32f4xx_hal_cortex.o
 .text.__NVIC_EnableIRQ
                0x0000000008001084       0x3c ./Drivers/STM32F4xx_HAL_Driver/Src/stm32f4xx_hal_cortex.o
 .text.__NVIC_SetPriority
                0x00000000080010c0       0x54 ./Drivers/STM32F4xx_HAL_Driver/Src/stm32f4xx_hal_cortex.o
 .text.NVIC_EncodePriority
                0x0000000008001114       0x66 ./Drivers/STM32F4xx_HAL_Driver/Src/stm32f4xx_hal_cortex.o
 *fill*         0x000000000800117a        0x2 
 .text.SysTick_Config
                0x000000000800117c       0x44 ./Drivers/STM32F4xx_HAL_Driver/Src/stm32f4xx_hal_cortex.o
 .text.HAL_NVIC_SetPriorityGrouping
                0x00000000080011c0       0x16 ./Drivers/STM32F4xx_HAL_Driver/Src/stm32f4xx_hal_cortex.o
                0x00000000080011c0                HAL_NVIC_SetPriorityGrouping
 .text.HAL_NVIC_SetPriority
                0x00000000080011d6       0x38 ./Drivers/STM32F4xx_HAL_Driver/Src/stm32f4xx_hal_cortex.o
                0x00000000080011d6                HAL_NVIC_SetPriority
 .text.HAL_NVIC_EnableIRQ
                0x000000000800120e       0x1c ./Drivers/STM32F4xx_HAL_Driver/Src/stm32f4xx_hal_cortex.o
                0x000000000800120e                HAL_NVIC_EnableIRQ
 .text.HAL_SYSTICK_Config
                0x000000000800122a       0x18 ./Drivers/STM32F4xx_HAL_Driver/Src/stm32f4xx_hal_cortex.o
                0x000000000800122a                HAL_SYSTICK_Config
 .text.HAL_DMA_Abort
                0x0000000008001242       0xe0 ./Drivers/STM32F4xx_HAL_Driver/Src/stm32f4xx_hal_dma.o
                0x0000000008001242                HAL_DMA_Abort
 .text.HAL_DMA_Abort_IT
                0x0000000008001322       0x44 ./Drivers/STM32F4xx_HAL_Driver/Src/stm32f4xx_hal_dma.o
                0x0000000008001322                HAL_DMA_Abort_IT
 *fill*         0x0000000008001366        0x2 
 .text.HAL_GPIO_Init
                0x0000000008001368      0x338 ./Drivers/STM32F4xx_HAL_Driver/Src/stm32f4xx_hal_gpio.o
                0x0000000008001368                HAL_GPIO_Init
 .text.HAL_GPIO_WritePin
                0x00000000080016a0       0x32 ./Drivers/STM32F4xx_HAL_Driver/Src/stm32f4xx_hal_gpio.o
                0x00000000080016a0                HAL_GPIO_WritePin
 .text.HAL_GPIO_TogglePin
                0x00000000080016d2       0x34 ./Drivers/STM32F4xx_HAL_Driver/Src/stm32f4xx_hal_gpio.o
                0x00000000080016d2                HAL_GPIO_TogglePin
 .text.HAL_HCD_Init
                0x0000000008001706       0xc4 ./Drivers/STM32F4xx_HAL_Driver/Src/stm32f4xx_hal_hcd.o
                0x0000000008001706                HAL_HCD_Init
 .text.HAL_HCD_HC_Init
                0x00000000080017ca      0x11e ./Drivers/STM32F4xx_HAL_Driver/Src/stm32f4xx_hal_hcd.o
                0x00000000080017ca                HAL_HCD_HC_Init
 .text.HAL_HCD_HC_Halt
                0x00000000080018e8       0x46 ./Drivers/STM32F4xx_HAL_Driver/Src/stm32f4xx_hal_hcd.o
                0x00000000080018e8                HAL_HCD_HC_Halt
 *fill*         0x000000000800192e        0x2 
 .text.HAL_HCD_HC_SubmitRequest
                0x0000000008001930      0x2ac ./Drivers/STM32F4xx_HAL_Driver/Src/stm32f4xx_hal_hcd.o
                0x0000000008001930                HAL_HCD_HC_SubmitRequest
 .text.HAL_HCD_IRQHandler
                0x0000000008001bdc      0x216 ./Drivers/STM32F4xx_HAL_Driver/Src/stm32f4xx_hal_hcd.o
                0x0000000008001bdc                HAL_HCD_IRQHandler
 .text.HAL_HCD_Start
                0x0000000008001df2       0x46 ./Drivers/STM32F4xx_HAL_Driver/Src/stm32f4xx_hal_hcd.o
                0x0000000008001df2                HAL_HCD_Start
 .text.HAL_HCD_Stop
                0x0000000008001e38       0x3a ./Drivers/STM32F4xx_HAL_Driver/Src/stm32f4xx_hal_hcd.o
                0x0000000008001e38                HAL_HCD_Stop
 .text.HAL_HCD_ResetPort
                0x0000000008001e72       0x1c ./Drivers/STM32F4xx_HAL_Driver/Src/stm32f4xx_hal_hcd.o
                0x0000000008001e72                HAL_HCD_ResetPort
 .text.HAL_HCD_HC_GetURBState
                0x0000000008001e8e       0x28 ./Drivers/STM32F4xx_HAL_Driver/Src/stm32f4xx_hal_hcd.o
                0x0000000008001e8e                HAL_HCD_HC_GetURBState
 .text.HAL_HCD_HC_GetXferCount
                0x0000000008001eb6       0x28 ./Drivers/STM32F4xx_HAL_Driver/Src/stm32f4xx_hal_hcd.o
                0x0000000008001eb6                HAL_HCD_HC_GetXferCount
 .text.HAL_HCD_GetCurrentFrame
                0x0000000008001ede       0x1c ./Drivers/STM32F4xx_HAL_Driver/Src/stm32f4xx_hal_hcd.o
                0x0000000008001ede                HAL_HCD_GetCurrentFrame
 .text.HAL_HCD_GetCurrentSpeed
                0x0000000008001efa       0x1c ./Drivers/STM32F4xx_HAL_Driver/Src/stm32f4xx_hal_hcd.o
                0x0000000008001efa                HAL_HCD_GetCurrentSpeed
 .text.HCD_HC_IN_IRQHandler
                0x0000000008001f16      0x6aa ./Drivers/STM32F4xx_HAL_Driver/Src/stm32f4xx_hal_hcd.o
 .text.HCD_HC_OUT_IRQHandler
                0x00000000080025c0      0x6d2 ./Drivers/STM32F4xx_HAL_Driver/Src/stm32f4xx_hal_hcd.o
 .text.HCD_RXQLVL_IRQHandler
                0x0000000008002c92      0x1a4 ./Drivers/STM32F4xx_HAL_Driver/Src/stm32f4xx_hal_hcd.o
 .text.HCD_Port_IRQHandler
                0x0000000008002e36       0xe6 ./Drivers/STM32F4xx_HAL_Driver/Src/stm32f4xx_hal_hcd.o
 .text.HAL_I2C_Init
                0x0000000008002f1c      0x288 ./Drivers/STM32F4xx_HAL_Driver/Src/stm32f4xx_hal_i2c.o
                0x0000000008002f1c                HAL_I2C_Init
 .text.HAL_I2S_Init
                0x00000000080031a4      0x280 ./Drivers/STM32F4xx_HAL_Driver/Src/stm32f4xx_hal_i2s.o
                0x00000000080031a4                HAL_I2S_Init
 .text.HAL_I2S_TxCpltCallback
                0x0000000008003424       0x14 ./Drivers/STM32F4xx_HAL_Driver/Src/stm32f4xx_hal_i2s.o
                0x0000000008003424                HAL_I2S_TxCpltCallback
 .text.HAL_I2S_RxCpltCallback
                0x0000000008003438       0x14 ./Drivers/STM32F4xx_HAL_Driver/Src/stm32f4xx_hal_i2s.o
                0x0000000008003438                HAL_I2S_RxCpltCallback
 .text.HAL_I2S_ErrorCallback
                0x000000000800344c       0x14 ./Drivers/STM32F4xx_HAL_Driver/Src/stm32f4xx_hal_i2s.o
                0x000000000800344c                HAL_I2S_ErrorCallback
 .text.I2S_Transmit_IT
                0x0000000008003460       0x5c ./Drivers/STM32F4xx_HAL_Driver/Src/stm32f4xx_hal_i2s.o
 .text.I2S_Receive_IT
                0x00000000080034bc       0x5e ./Drivers/STM32F4xx_HAL_Driver/Src/stm32f4xx_hal_i2s.o
 .text.I2S_IRQHandler
                0x000000000800351a      0x114 ./Drivers/STM32F4xx_HAL_Driver/Src/stm32f4xx_hal_i2s.o
 *fill*         0x000000000800362e        0x2 
 .text.HAL_I2SEx_FullDuplex_IRQHandler
                0x0000000008003630      0x2a8 ./Drivers/STM32F4xx_HAL_Driver/Src/stm32f4xx_hal_i2s_ex.o
                0x0000000008003630                HAL_I2SEx_FullDuplex_IRQHandler
 .text.HAL_I2SEx_TxRxCpltCallback
                0x00000000080038d8       0x14 ./Drivers/STM32F4xx_HAL_Driver/Src/stm32f4xx_hal_i2s_ex.o
                0x00000000080038d8                HAL_I2SEx_TxRxCpltCallback
 .text.I2SEx_TxISR_I2S
                0x00000000080038ec       0x62 ./Drivers/STM32F4xx_HAL_Driver/Src/stm32f4xx_hal_i2s_ex.o
 *fill*         0x000000000800394e        0x2 
 .text.I2SEx_TxISR_I2SExt
                0x0000000008003950       0x98 ./Drivers/STM32F4xx_HAL_Driver/Src/stm32f4xx_hal_i2s_ex.o
 .text.I2SEx_RxISR_I2S
                0x00000000080039e8       0x64 ./Drivers/STM32F4xx_HAL_Driver/Src/stm32f4xx_hal_i2s_ex.o
 .text.I2SEx_RxISR_I2SExt
                0x0000000008003a4c       0x98 ./Drivers/STM32F4xx_HAL_Driver/Src/stm32f4xx_hal_i2s_ex.o
 .text.HAL_RCC_OscConfig
                0x0000000008003ae4      0x4f0 ./Drivers/STM32F4xx_HAL_Driver/Src/stm32f4xx_hal_rcc.o
                0x0000000008003ae4                HAL_RCC_OscConfig
 .text.HAL_RCC_ClockConfig
                0x0000000008003fd4      0x1cc ./Drivers/STM32F4xx_HAL_Driver/Src/stm32f4xx_hal_rcc.o
                0x0000000008003fd4                HAL_RCC_ClockConfig
 .text.HAL_RCC_GetSysClockFreq
                0x00000000080041a0      0x20c ./Drivers/STM32F4xx_HAL_Driver/Src/stm32f4xx_hal_rcc.o
                0x00000000080041a0                HAL_RCC_GetSysClockFreq
 .text.HAL_RCC_GetHCLKFreq
                0x00000000080043ac       0x18 ./Drivers/STM32F4xx_HAL_Driver/Src/stm32f4xx_hal_rcc.o
                0x00000000080043ac                HAL_RCC_GetHCLKFreq
 .text.HAL_RCC_GetPCLK1Freq
                0x00000000080043c4       0x28 ./Drivers/STM32F4xx_HAL_Driver/Src/stm32f4xx_hal_rcc.o
                0x00000000080043c4                HAL_RCC_GetPCLK1Freq
 .text.HAL_RCC_GetPCLK2Freq
                0x00000000080043ec       0x28 ./Drivers/STM32F4xx_HAL_Driver/Src/stm32f4xx_hal_rcc.o
                0x00000000080043ec                HAL_RCC_GetPCLK2Freq
 .text.HAL_RCCEx_PeriphCLKConfig
                0x0000000008004414      0x1c4 ./Drivers/STM32F4xx_HAL_Driver/Src/stm32f4xx_hal_rcc_ex.o
                0x0000000008004414                HAL_RCCEx_PeriphCLKConfig
 .text.HAL_RCCEx_GetPeriphCLKFreq
                0x00000000080045d8       0xbc ./Drivers/STM32F4xx_HAL_Driver/Src/stm32f4xx_hal_rcc_ex.o
                0x00000000080045d8                HAL_RCCEx_GetPeriphCLKFreq
 .text.HAL_SPI_Init
                0x0000000008004694      0x112 ./Drivers/STM32F4xx_HAL_Driver/Src/stm32f4xx_hal_spi.o
                0x0000000008004694                HAL_SPI_Init
 .text.HAL_UART_Init
                0x00000000080047a6       0x9a ./Drivers/STM32F4xx_HAL_Driver/Src/stm32f4xx_hal_uart.o
                0x00000000080047a6                HAL_UART_Init
 .text.HAL_UART_Transmit_IT
                0x0000000008004840       0x8a ./Drivers/STM32F4xx_HAL_Driver/Src/stm32f4xx_hal_uart.o
                0x0000000008004840                HAL_UART_Transmit_IT
 .text.HAL_UART_Receive_IT
                0x00000000080048ca       0x60 ./Drivers/STM32F4xx_HAL_Driver/Src/stm32f4xx_hal_uart.o
                0x00000000080048ca                HAL_UART_Receive_IT
 *fill*         0x000000000800492a        0x2 
 .text.HAL_UART_IRQHandler
                0x000000000800492c      0x51c ./Drivers/STM32F4xx_HAL_Driver/Src/stm32f4xx_hal_uart.o
                0x000000000800492c                HAL_UART_IRQHandler
 .text.HAL_UART_ErrorCallback
                0x0000000008004e48       0x14 ./Drivers/STM32F4xx_HAL_Driver/Src/stm32f4xx_hal_uart.o
                0x0000000008004e48                HAL_UART_ErrorCallback
 .text.HAL_UARTEx_RxEventCallback
                0x0000000008004e5c       0x18 ./Drivers/STM32F4xx_HAL_Driver/Src/stm32f4xx_hal_uart.o
                0x0000000008004e5c                HAL_UARTEx_RxEventCallback
 .text.UART_Start_Receive_IT
                0x0000000008004e74       0x7c ./Drivers/STM32F4xx_HAL_Driver/Src/stm32f4xx_hal_uart.o
                0x0000000008004e74                UART_Start_Receive_IT
 .text.UART_EndRxTransfer
                0x0000000008004ef0       0xc6 ./Drivers/STM32F4xx_HAL_Driver/Src/stm32f4xx_hal_uart.o
 .text.UART_DMAAbortOnError
                0x0000000008004fb6       0x28 ./Drivers/STM32F4xx_HAL_Driver/Src/stm32f4xx_hal_uart.o
 .text.UART_Transmit_IT
                0x0000000008004fde       0xa0 ./Drivers/STM32F4xx_HAL_Driver/Src/stm32f4xx_hal_uart.o
 .text.UART_EndTransmit_IT
                0x000000000800507e       0x30 ./Drivers/STM32F4xx_HAL_Driver/Src/stm32f4xx_hal_uart.o
 .text.UART_Receive_IT
                0x00000000080050ae      0x176 ./Drivers/STM32F4xx_HAL_Driver/Src/stm32f4xx_hal_uart.o
 .text.UART_SetConfig
                0x0000000008005224      0x4e8 ./Drivers/STM32F4xx_HAL_Driver/Src/stm32f4xx_hal_uart.o
 .text.USB_CoreInit
                0x000000000800570c       0xc2 ./Drivers/STM32F4xx_HAL_Driver/Src/stm32f4xx_ll_usb.o
                0x000000000800570c                USB_CoreInit
 .text.USB_EnableGlobalInt
                0x00000000080057ce       0x22 ./Drivers/STM32F4xx_HAL_Driver/Src/stm32f4xx_ll_usb.o
                0x00000000080057ce                USB_EnableGlobalInt
 .text.USB_DisableGlobalInt
                0x00000000080057f0       0x22 ./Drivers/STM32F4xx_HAL_Driver/Src/stm32f4xx_ll_usb.o
                0x00000000080057f0                USB_DisableGlobalInt
 .text.USB_SetCurrentMode
                0x0000000008005812       0x98 ./Drivers/STM32F4xx_HAL_Driver/Src/stm32f4xx_ll_usb.o
                0x0000000008005812                USB_SetCurrentMode
 *fill*         0x00000000080058aa        0x2 
 .text.USB_FlushTxFifo
                0x00000000080058ac       0x68 ./Drivers/STM32F4xx_HAL_Driver/Src/stm32f4xx_ll_usb.o
                0x00000000080058ac                USB_FlushTxFifo
 .text.USB_FlushRxFifo
                0x0000000008005914       0x60 ./Drivers/STM32F4xx_HAL_Driver/Src/stm32f4xx_ll_usb.o
                0x0000000008005914                USB_FlushRxFifo
 .text.USB_WritePacket
                0x0000000008005974       0x7c ./Drivers/STM32F4xx_HAL_Driver/Src/stm32f4xx_ll_usb.o
                0x0000000008005974                USB_WritePacket
 .text.USB_ReadPacket
                0x00000000080059f0       0xb0 ./Drivers/STM32F4xx_HAL_Driver/Src/stm32f4xx_ll_usb.o
                0x00000000080059f0                USB_ReadPacket
 .text.USB_ReadInterrupts
                0x0000000008005aa0       0x26 ./Drivers/STM32F4xx_HAL_Driver/Src/stm32f4xx_ll_usb.o
                0x0000000008005aa0                USB_ReadInterrupts
 .text.USB_GetMode
                0x0000000008005ac6       0x1c ./Drivers/STM32F4xx_HAL_Driver/Src/stm32f4xx_ll_usb.o
                0x0000000008005ac6                USB_GetMode
 *fill*         0x0000000008005ae2        0x2 
 .text.USB_CoreReset
                0x0000000008005ae4       0x68 ./Drivers/STM32F4xx_HAL_Driver/Src/stm32f4xx_ll_usb.o
 .text.USB_HostInit
                0x0000000008005b4c      0x180 ./Drivers/STM32F4xx_HAL_Driver/Src/stm32f4xx_ll_usb.o
                0x0000000008005b4c                USB_HostInit
 .text.USB_InitFSLSPClkSel
                0x0000000008005ccc       0x74 ./Drivers/STM32F4xx_HAL_Driver/Src/stm32f4xx_ll_usb.o
                0x0000000008005ccc                USB_InitFSLSPClkSel
 .text.USB_ResetPort
                0x0000000008005d40       0x54 ./Drivers/STM32F4xx_HAL_Driver/Src/stm32f4xx_ll_usb.o
                0x0000000008005d40                USB_ResetPort
 .text.USB_DriveVbus
                0x0000000008005d94       0x72 ./Drivers/STM32F4xx_HAL_Driver/Src/stm32f4xx_ll_usb.o
                0x0000000008005d94                USB_DriveVbus
 .text.USB_GetHostSpeed
                0x0000000008005e06       0x2e ./Drivers/STM32F4xx_HAL_Driver/Src/stm32f4xx_ll_usb.o
                0x0000000008005e06                USB_GetHostSpeed
 .text.USB_GetCurrentFrame
                0x0000000008005e34       0x22 ./Drivers/STM32F4xx_HAL_Driver/Src/stm32f4xx_ll_usb.o
                0x0000000008005e34                USB_GetCurrentFrame
 *fill*         0x0000000008005e56        0x2 
 .text.USB_HC_Init
                0x0000000008005e58      0x244 ./Drivers/STM32F4xx_HAL_Driver/Src/stm32f4xx_ll_usb.o
                0x0000000008005e58                USB_HC_Init
 .text.USB_HC_StartXfer
                0x000000000800609c      0x284 ./Drivers/STM32F4xx_HAL_Driver/Src/stm32f4xx_ll_usb.o
                0x000000000800609c                USB_HC_StartXfer
 .text.USB_HC_ReadInterrupt
                0x0000000008006320       0x22 ./Drivers/STM32F4xx_HAL_Driver/Src/stm32f4xx_ll_usb.o
                0x0000000008006320                USB_HC_ReadInterrupt
 .text.USB_HC_Halt
                0x0000000008006342      0x1f8 ./Drivers/STM32F4xx_HAL_Driver/Src/stm32f4xx_ll_usb.o
                0x0000000008006342                USB_HC_Halt
 *fill*         0x000000000800653a        0x2 
 .text.USB_DoPing
                0x000000000800653c       0x78 ./Drivers/STM32F4xx_HAL_Driver/Src/stm32f4xx_ll_usb.o
                0x000000000800653c                USB_DoPing
 .text.USB_StopHost
                0x00000000080065b4      0x124 ./Drivers/STM32F4xx_HAL_Driver/Src/stm32f4xx_ll_usb.o
                0x00000000080065b4                USB_StopHost
 .text.USBH_CDC_InterfaceInit
                0x00000000080066d8      0x2ac ./Middlewares/ST/STM32_USB_Host_Library/Class/CDC/Src/usbh_cdc.o
 .text.USBH_CDC_InterfaceDeInit
                0x0000000008006984       0xb2 ./Middlewares/ST/STM32_USB_Host_Library/Class/CDC/Src/usbh_cdc.o
 .text.USBH_CDC_ClassRequest
                0x0000000008006a36       0x3e ./Middlewares/ST/STM32_USB_Host_Library/Class/CDC/Src/usbh_cdc.o
 .text.USBH_CDC_Process
                0x0000000008006a74      0x12c ./Middlewares/ST/STM32_USB_Host_Library/Class/CDC/Src/usbh_cdc.o
 .text.USBH_CDC_SOFProcess
                0x0000000008006ba0       0x16 ./Middlewares/ST/STM32_USB_Host_Library/Class/CDC/Src/usbh_cdc.o
 .text.GetLineCoding
                0x0000000008006bb6       0x3e ./Middlewares/ST/STM32_USB_Host_Library/Class/CDC/Src/usbh_cdc.o
 .text.SetLineCoding
                0x0000000008006bf4       0x3e ./Middlewares/ST/STM32_USB_Host_Library/Class/CDC/Src/usbh_cdc.o
 .text.CDC_ProcessTransmission
                0x0000000008006c32       0xec ./Middlewares/ST/STM32_USB_Host_Library/Class/CDC/Src/usbh_cdc.o
 .text.CDC_ProcessReception
                0x0000000008006d1e       0xb6 ./Middlewares/ST/STM32_USB_Host_Library/Class/CDC/Src/usbh_cdc.o
 .text.USBH_CDC_TransmitCallback
                0x0000000008006dd4       0x14 ./Middlewares/ST/STM32_USB_Host_Library/Class/CDC/Src/usbh_cdc.o
                0x0000000008006dd4                USBH_CDC_TransmitCallback
 .text.USBH_CDC_ReceiveCallback
                0x0000000008006de8       0x14 ./Middlewares/ST/STM32_USB_Host_Library/Class/CDC/Src/usbh_cdc.o
                0x0000000008006de8                USBH_CDC_ReceiveCallback
 .text.USBH_CDC_LineCodingChanged
                0x0000000008006dfc       0x14 ./Middlewares/ST/STM32_USB_Host_Library/Class/CDC/Src/usbh_cdc.o
                0x0000000008006dfc                USBH_CDC_LineCodingChanged
 .text.USBH_Init
                0x0000000008006e10       0x74 ./Middlewares/ST/STM32_USB_Host_Library/Core/Src/usbh_core.o
                0x0000000008006e10                USBH_Init
 .text.DeInitStateMachine
                0x0000000008006e84       0xa8 ./Middlewares/ST/STM32_USB_Host_Library/Core/Src/usbh_core.o
 .text.USBH_RegisterClass
                0x0000000008006f2c       0x54 ./Middlewares/ST/STM32_USB_Host_Library/Core/Src/usbh_core.o
                0x0000000008006f2c                USBH_RegisterClass
 .text.USBH_SelectInterface
                0x0000000008006f80       0x38 ./Middlewares/ST/STM32_USB_Host_Library/Core/Src/usbh_core.o
                0x0000000008006f80                USBH_SelectInterface
 .text.USBH_FindInterface
                0x0000000008006fb8       0x8c ./Middlewares/ST/STM32_USB_Host_Library/Core/Src/usbh_core.o
                0x0000000008006fb8                USBH_FindInterface
 .text.USBH_Start
                0x0000000008007044       0x20 ./Middlewares/ST/STM32_USB_Host_Library/Core/Src/usbh_core.o
                0x0000000008007044                USBH_Start
 .text.USBH_Process
                0x0000000008007064      0x3d8 ./Middlewares/ST/STM32_USB_Host_Library/Core/Src/usbh_core.o
                0x0000000008007064                USBH_Process
 .text.USBH_HandleEnum
                0x000000000800743c      0x3c8 ./Middlewares/ST/STM32_USB_Host_Library/Core/Src/usbh_core.o
 .text.USBH_LL_SetTimer
                0x0000000008007804       0x1e ./Middlewares/ST/STM32_USB_Host_Library/Core/Src/usbh_core.o
                0x0000000008007804                USBH_LL_SetTimer
 .text.USBH_LL_IncTimer
                0x0000000008007822       0x24 ./Middlewares/ST/STM32_USB_Host_Library/Core/Src/usbh_core.o
                0x0000000008007822                USBH_LL_IncTimer
 .text.USBH_HandleSof
                0x0000000008007846       0x30 ./Middlewares/ST/STM32_USB_Host_Library/Core/Src/usbh_core.o
 .text.USBH_LL_PortEnabled
                0x0000000008007876       0x1c ./Middlewares/ST/STM32_USB_Host_Library/Core/Src/usbh_core.o
                0x0000000008007876                USBH_LL_PortEnabled
 .text.USBH_LL_PortDisabled
                0x0000000008007892       0x1c ./Middlewares/ST/STM32_USB_Host_Library/Core/Src/usbh_core.o
                0x0000000008007892                USBH_LL_PortDisabled
 .text.USBH_LL_Connect
                0x00000000080078ae       0x2e ./Middlewares/ST/STM32_USB_Host_Library/Core/Src/usbh_core.o
                0x00000000080078ae                USBH_LL_Connect
 .text.USBH_LL_Disconnect
                0x00000000080078dc       0x48 ./Middlewares/ST/STM32_USB_Host_Library/Core/Src/usbh_core.o
                0x00000000080078dc                USBH_LL_Disconnect
 .text.USBH_Get_DevDesc
                0x0000000008007924       0x50 ./Middlewares/ST/STM32_USB_Host_Library/Core/Src/usbh_ctlreq.o
                0x0000000008007924                USBH_Get_DevDesc
 .text.USBH_Get_CfgDesc
                0x0000000008007974       0x48 ./Middlewares/ST/STM32_USB_Host_Library/Core/Src/usbh_ctlreq.o
                0x0000000008007974                USBH_Get_CfgDesc
 .text.USBH_Get_StringDesc
                0x00000000080079bc       0x56 ./Middlewares/ST/STM32_USB_Host_Library/Core/Src/usbh_ctlreq.o
                0x00000000080079bc                USBH_Get_StringDesc
 .text.USBH_GetDescriptor
                0x0000000008007a12       0x6a ./Middlewares/ST/STM32_USB_Host_Library/Core/Src/usbh_ctlreq.o
                0x0000000008007a12                USBH_GetDescriptor
 .text.USBH_SetAddress
                0x0000000008007a7c       0x48 ./Middlewares/ST/STM32_USB_Host_Library/Core/Src/usbh_ctlreq.o
                0x0000000008007a7c                USBH_SetAddress
 .text.USBH_SetCfg
                0x0000000008007ac4       0x46 ./Middlewares/ST/STM32_USB_Host_Library/Core/Src/usbh_ctlreq.o
                0x0000000008007ac4                USBH_SetCfg
 .text.USBH_SetFeature
                0x0000000008007b0a       0x48 ./Middlewares/ST/STM32_USB_Host_Library/Core/Src/usbh_ctlreq.o
                0x0000000008007b0a                USBH_SetFeature
 .text.USBH_ClrFeature
                0x0000000008007b52       0x48 ./Middlewares/ST/STM32_USB_Host_Library/Core/Src/usbh_ctlreq.o
                0x0000000008007b52                USBH_ClrFeature
 .text.USBH_ParseDevDesc
                0x0000000008007b9a      0x122 ./Middlewares/ST/STM32_USB_Host_Library/Core/Src/usbh_ctlreq.o
 .text.USBH_ParseCfgDesc
                0x0000000008007cbc      0x1ec ./Middlewares/ST/STM32_USB_Host_Library/Core/Src/usbh_ctlreq.o
 .text.USBH_ParseInterfaceDesc
                0x0000000008007ea8       0x5e ./Middlewares/ST/STM32_USB_Host_Library/Core/Src/usbh_ctlreq.o
 .text.USBH_ParseEPDesc
                0x0000000008007f06      0x14a ./Middlewares/ST/STM32_USB_Host_Library/Core/Src/usbh_ctlreq.o
 .text.USBH_ParseStringDesc
                0x0000000008008050       0x66 ./Middlewares/ST/STM32_USB_Host_Library/Core/Src/usbh_ctlreq.o
 .text.USBH_GetNextDesc
                0x00000000080080b6       0x36 ./Middlewares/ST/STM32_USB_Host_Library/Core/Src/usbh_ctlreq.o
                0x00000000080080b6                USBH_GetNextDesc
 .text.USBH_CtlReq
                0x00000000080080ec       0x7a ./Middlewares/ST/STM32_USB_Host_Library/Core/Src/usbh_ctlreq.o
                0x00000000080080ec                USBH_CtlReq
 *fill*         0x0000000008008166        0x2 
 .text.USBH_HandleControl
                0x0000000008008168      0x2e8 ./Middlewares/ST/STM32_USB_Host_Library/Core/Src/usbh_ctlreq.o
 .text.USBH_CtlSendSetup
                0x0000000008008450       0x34 ./Middlewares/ST/STM32_USB_Host_Library/Core/Src/usbh_ioreq.o
                0x0000000008008450                USBH_CtlSendSetup
 .text.USBH_CtlSendData
                0x0000000008008484       0x4a ./Middlewares/ST/STM32_USB_Host_Library/Core/Src/usbh_ioreq.o
                0x0000000008008484                USBH_CtlSendData
 .text.USBH_CtlReceiveData
                0x00000000080084ce       0x3c ./Middlewares/ST/STM32_USB_Host_Library/Core/Src/usbh_ioreq.o
                0x00000000080084ce                USBH_CtlReceiveData
 .text.USBH_BulkSendData
                0x000000000800850a       0x4a ./Middlewares/ST/STM32_USB_Host_Library/Core/Src/usbh_ioreq.o
                0x000000000800850a                USBH_BulkSendData
 .text.USBH_BulkReceiveData
                0x0000000008008554       0x3c ./Middlewares/ST/STM32_USB_Host_Library/Core/Src/usbh_ioreq.o
                0x0000000008008554                USBH_BulkReceiveData
 .text.USBH_OpenPipe
                0x0000000008008590       0x3e ./Middlewares/ST/STM32_USB_Host_Library/Core/Src/usbh_pipes.o
                0x0000000008008590                USBH_OpenPipe
 .text.USBH_ClosePipe
                0x00000000080085ce       0x20 ./Middlewares/ST/STM32_USB_Host_Library/Core/Src/usbh_pipes.o
                0x00000000080085ce                USBH_ClosePipe
 .text.USBH_AllocPipe
                0x00000000080085ee       0x42 ./Middlewares/ST/STM32_USB_Host_Library/Core/Src/usbh_pipes.o
                0x00000000080085ee                USBH_AllocPipe
 .text.USBH_FreePipe
                0x0000000008008630       0x3c ./Middlewares/ST/STM32_USB_Host_Library/Core/Src/usbh_pipes.o
                0x0000000008008630                USBH_FreePipe
 .text.USBH_GetFreePipe
                0x000000000800866c       0x48 ./Middlewares/ST/STM32_USB_Host_Library/Core/Src/usbh_pipes.o
 .text.MX_USB_HOST_Init
                0x00000000080086b4       0x4c ./USB_HOST/App/usb_host.o
                0x00000000080086b4                MX_USB_HOST_Init
 .text.MX_USB_HOST_Process
                0x0000000008008700       0x14 ./USB_HOST/App/usb_host.o
                0x0000000008008700                MX_USB_HOST_Process
 .text.USBH_UserProcess
                0x0000000008008714       0x5c ./USB_HOST/App/usb_host.o
 .text.HAL_HCD_MspInit
                0x0000000008008770       0xc4 ./USB_HOST/Target/usbh_conf.o
                0x0000000008008770                HAL_HCD_MspInit
 .text.HAL_HCD_SOF_Callback
                0x0000000008008834       0x1c ./USB_HOST/Target/usbh_conf.o
                0x0000000008008834                HAL_HCD_SOF_Callback
 .text.HAL_HCD_Connect_Callback
                0x0000000008008850       0x1c ./USB_HOST/Target/usbh_conf.o
                0x0000000008008850                HAL_HCD_Connect_Callback
 .text.HAL_HCD_Disconnect_Callback
                0x000000000800886c       0x1c ./USB_HOST/Target/usbh_conf.o
                0x000000000800886c                HAL_HCD_Disconnect_Callback
 .text.HAL_HCD_HC_NotifyURBChange_Callback
                0x0000000008008888       0x1c ./USB_HOST/Target/usbh_conf.o
                0x0000000008008888                HAL_HCD_HC_NotifyURBChange_Callback
 .text.HAL_HCD_PortEnabled_Callback
                0x00000000080088a4       0x1c ./USB_HOST/Target/usbh_conf.o
                0x00000000080088a4                HAL_HCD_PortEnabled_Callback
 .text.HAL_HCD_PortDisabled_Callback
                0x00000000080088c0       0x1c ./USB_HOST/Target/usbh_conf.o
                0x00000000080088c0                HAL_HCD_PortDisabled_Callback
 .text.USBH_LL_Init
                0x00000000080088dc       0x78 ./USB_HOST/Target/usbh_conf.o
                0x00000000080088dc                USBH_LL_Init
 .text.USBH_LL_Start
                0x0000000008008954       0x36 ./USB_HOST/Target/usbh_conf.o
                0x0000000008008954                USBH_LL_Start
 .text.USBH_LL_Stop
                0x000000000800898a       0x36 ./USB_HOST/Target/usbh_conf.o
                0x000000000800898a                USBH_LL_Stop
 .text.USBH_LL_GetSpeed
                0x00000000080089c0       0x4e ./USB_HOST/Target/usbh_conf.o
                0x00000000080089c0                USBH_LL_GetSpeed
 .text.USBH_LL_ResetPort
                0x0000000008008a0e       0x36 ./USB_HOST/Target/usbh_conf.o
                0x0000000008008a0e                USBH_LL_ResetPort
 .text.USBH_LL_GetLastXferSize
                0x0000000008008a44       0x26 ./USB_HOST/Target/usbh_conf.o
                0x0000000008008a44                USBH_LL_GetLastXferSize
 .text.USBH_LL_OpenPipe
                0x0000000008008a6a       0x5e ./USB_HOST/Target/usbh_conf.o
                0x0000000008008a6a                USBH_LL_OpenPipe
 .text.USBH_LL_ClosePipe
                0x0000000008008ac8       0x3e ./USB_HOST/Target/usbh_conf.o
                0x0000000008008ac8                USBH_LL_ClosePipe
 .text.USBH_LL_SubmitURB
                0x0000000008008b06       0x62 ./USB_HOST/Target/usbh_conf.o
                0x0000000008008b06                USBH_LL_SubmitURB
 .text.USBH_LL_GetURBState
                0x0000000008008b68       0x26 ./USB_HOST/Target/usbh_conf.o
                0x0000000008008b68                USBH_LL_GetURBState
 .text.USBH_LL_DriverVBUS
                0x0000000008008b8e       0x2e ./USB_HOST/Target/usbh_conf.o
                0x0000000008008b8e                USBH_LL_DriverVBUS
 .text.USBH_LL_SetToggle
                0x0000000008008bbc       0x60 ./USB_HOST/Target/usbh_conf.o
                0x0000000008008bbc                USBH_LL_SetToggle
 .text.USBH_Delay
                0x0000000008008c1c       0x16 ./USB_HOST/Target/usbh_conf.o
                0x0000000008008c1c                USBH_Delay
 *fill*         0x0000000008008c32        0x2 
 .text.USBH_Get_USB_Status
                0x0000000008008c34       0x58 ./USB_HOST/Target/usbh_conf.o
                0x0000000008008c34                USBH_Get_USB_Status
 .text.MX_DriverVbusFS
                0x0000000008008c8c       0x38 ./USB_HOST/Target/usbh_platform.o
                0x0000000008008c8c                MX_DriverVbusFS
 .text.__errno  0x0000000008008cc4        0xc e:/st/stm32cubeide_1.12.1/stm32cubeide/plugins/com.st.stm32cube.ide.mcu.externaltools.gnu-tools-for-stm32.10.3-2021.10.win32_1.0.200.202301161003/tools/bin/../lib/gcc/arm-none-eabi/10.3.1/../../../../arm-none-eabi/lib/thumb/v7e-m+fp/hard\libc_nano.a(lib_a-errno.o)
                0x0000000008008cc4                __errno
 .text.__libc_init_array
                0x0000000008008cd0       0x48 e:/st/stm32cubeide_1.12.1/stm32cubeide/plugins/com.st.stm32cube.ide.mcu.externaltools.gnu-tools-for-stm32.10.3-2021.10.win32_1.0.200.202301161003/tools/bin/../lib/gcc/arm-none-eabi/10.3.1/../../../../arm-none-eabi/lib/thumb/v7e-m+fp/hard\libc_nano.a(lib_a-init.o)
                0x0000000008008cd0                __libc_init_array
 .text.malloc   0x0000000008008d18       0x10 e:/st/stm32cubeide_1.12.1/stm32cubeide/plugins/com.st.stm32cube.ide.mcu.externaltools.gnu-tools-for-stm32.10.3-2021.10.win32_1.0.200.202301161003/tools/bin/../lib/gcc/arm-none-eabi/10.3.1/../../../../arm-none-eabi/lib/thumb/v7e-m+fp/hard\libc_nano.a(lib_a-malloc.o)
                0x0000000008008d18                malloc
 .text.free     0x0000000008008d28       0x10 e:/st/stm32cubeide_1.12.1/stm32cubeide/plugins/com.st.stm32cube.ide.mcu.externaltools.gnu-tools-for-stm32.10.3-2021.10.win32_1.0.200.202301161003/tools/bin/../lib/gcc/arm-none-eabi/10.3.1/../../../../arm-none-eabi/lib/thumb/v7e-m+fp/hard\libc_nano.a(lib_a-malloc.o)
                0x0000000008008d28                free
 .text.memset   0x0000000008008d38       0x10 e:/st/stm32cubeide_1.12.1/stm32cubeide/plugins/com.st.stm32cube.ide.mcu.externaltools.gnu-tools-for-stm32.10.3-2021.10.win32_1.0.200.202301161003/tools/bin/../lib/gcc/arm-none-eabi/10.3.1/../../../../arm-none-eabi/lib/thumb/v7e-m+fp/hard\libc_nano.a(lib_a-memset.o)
                0x0000000008008d38                memset
 .text._free_r  0x0000000008008d48       0x98 e:/st/stm32cubeide_1.12.1/stm32cubeide/plugins/com.st.stm32cube.ide.mcu.externaltools.gnu-tools-for-stm32.10.3-2021.10.win32_1.0.200.202301161003/tools/bin/../lib/gcc/arm-none-eabi/10.3.1/../../../../arm-none-eabi/lib/thumb/v7e-m+fp/hard\libc_nano.a(lib_a-nano-freer.o)
                0x0000000008008d48                _free_r
 .text.sbrk_aligned
                0x0000000008008de0       0x40 e:/st/stm32cubeide_1.12.1/stm32cubeide/plugins/com.st.stm32cube.ide.mcu.externaltools.gnu-tools-for-stm32.10.3-2021.10.win32_1.0.200.202301161003/tools/bin/../lib/gcc/arm-none-eabi/10.3.1/../../../../arm-none-eabi/lib/thumb/v7e-m+fp/hard\libc_nano.a(lib_a-nano-mallocr.o)
 .text._malloc_r
                0x0000000008008e20       0xe8 e:/st/stm32cubeide_1.12.1/stm32cubeide/plugins/com.st.stm32cube.ide.mcu.externaltools.gnu-tools-for-stm32.10.3-2021.10.win32_1.0.200.202301161003/tools/bin/../lib/gcc/arm-none-eabi/10.3.1/../../../../arm-none-eabi/lib/thumb/v7e-m+fp/hard\libc_nano.a(lib_a-nano-mallocr.o)
                0x0000000008008e20                _malloc_r
 .text._sbrk_r  0x0000000008008f08       0x20 e:/st/stm32cubeide_1.12.1/stm32cubeide/plugins/com.st.stm32cube.ide.mcu.externaltools.gnu-tools-for-stm32.10.3-2021.10.win32_1.0.200.202301161003/tools/bin/../lib/gcc/arm-none-eabi/10.3.1/../../../../arm-none-eabi/lib/thumb/v7e-m+fp/hard\libc_nano.a(lib_a-sbrkr.o)
                0x0000000008008f08                _sbrk_r
 .text.strncmp  0x0000000008008f28       0x28 e:/st/stm32cubeide_1.12.1/stm32cubeide/plugins/com.st.stm32cube.ide.mcu.externaltools.gnu-tools-for-stm32.10.3-2021.10.win32_1.0.200.202301161003/tools/bin/../lib/gcc/arm-none-eabi/10.3.1/../../../../arm-none-eabi/lib/thumb/v7e-m+fp/hard\libc_nano.a(lib_a-strncmp.o)
                0x0000000008008f28                strncmp
 .text.__malloc_lock
                0x0000000008008f50        0xc e:/st/stm32cubeide_1.12.1/stm32cubeide/plugins/com.st.stm32cube.ide.mcu.externaltools.gnu-tools-for-stm32.10.3-2021.10.win32_1.0.200.202301161003/tools/bin/../lib/gcc/arm-none-eabi/10.3.1/../../../../arm-none-eabi/lib/thumb/v7e-m+fp/hard\libc_nano.a(lib_a-mlock.o)
                0x0000000008008f50                __malloc_lock
 .text.__malloc_unlock
                0x0000000008008f5c        0xc e:/st/stm32cubeide_1.12.1/stm32cubeide/plugins/com.st.stm32cube.ide.mcu.externaltools.gnu-tools-for-stm32.10.3-2021.10.win32_1.0.200.202301161003/tools/bin/../lib/gcc/arm-none-eabi/10.3.1/../../../../arm-none-eabi/lib/thumb/v7e-m+fp/hard\libc_nano.a(lib_a-mlock.o)
                0x0000000008008f5c                __malloc_unlock
 .text.__retarget_lock_acquire_recursive
                0x0000000008008f68        0x2 e:/st/stm32cubeide_1.12.1/stm32cubeide/plugins/com.st.stm32cube.ide.mcu.externaltools.gnu-tools-for-stm32.10.3-2021.10.win32_1.0.200.202301161003/tools/bin/../lib/gcc/arm-none-eabi/10.3.1/../../../../arm-none-eabi/lib/thumb/v7e-m+fp/hard\libc_nano.a(lib_a-lock.o)
                0x0000000008008f68                __retarget_lock_acquire_recursive
 .text.__retarget_lock_release_recursive
                0x0000000008008f6a        0x2 e:/st/stm32cubeide_1.12.1/stm32cubeide/plugins/com.st.stm32cube.ide.mcu.externaltools.gnu-tools-for-stm32.10.3-2021.10.win32_1.0.200.202301161003/tools/bin/../lib/gcc/arm-none-eabi/10.3.1/../../../../arm-none-eabi/lib/thumb/v7e-m+fp/hard\libc_nano.a(lib_a-lock.o)
                0x0000000008008f6a                __retarget_lock_release_recursive
 *(.glue_7)
 .glue_7        0x0000000008008f6c        0x0 linker stubs
 *(.glue_7t)
 .glue_7t       0x0000000008008f6c        0x0 linker stubs
 *(.eh_frame)
 .eh_frame      0x0000000008008f6c        0x0 e:/st/stm32cubeide_1.12.1/stm32cubeide/plugins/com.st.stm32cube.ide.mcu.externaltools.gnu-tools-for-stm32.10.3-2021.10.win32_1.0.200.202301161003/tools/bin/../lib/gcc/arm-none-eabi/10.3.1/thumb/v7e-m+fp/hard/crtbegin.o
 *(.init)
 .init          0x0000000008008f6c        0x4 e:/st/stm32cubeide_1.12.1/stm32cubeide/plugins/com.st.stm32cube.ide.mcu.externaltools.gnu-tools-for-stm32.10.3-2021.10.win32_1.0.200.202301161003/tools/bin/../lib/gcc/arm-none-eabi/10.3.1/thumb/v7e-m+fp/hard/crti.o
                0x0000000008008f6c                _init
 .init          0x0000000008008f70        0x8 e:/st/stm32cubeide_1.12.1/stm32cubeide/plugins/com.st.stm32cube.ide.mcu.externaltools.gnu-tools-for-stm32.10.3-2021.10.win32_1.0.200.202301161003/tools/bin/../lib/gcc/arm-none-eabi/10.3.1/thumb/v7e-m+fp/hard/crtn.o
 *(.fini)
 .fini          0x0000000008008f78        0x4 e:/st/stm32cubeide_1.12.1/stm32cubeide/plugins/com.st.stm32cube.ide.mcu.externaltools.gnu-tools-for-stm32.10.3-2021.10.win32_1.0.200.202301161003/tools/bin/../lib/gcc/arm-none-eabi/10.3.1/thumb/v7e-m+fp/hard/crti.o
                0x0000000008008f78                _fini
 .fini          0x0000000008008f7c        0x8 e:/st/stm32cubeide_1.12.1/stm32cubeide/plugins/com.st.stm32cube.ide.mcu.externaltools.gnu-tools-for-stm32.10.3-2021.10.win32_1.0.200.202301161003/tools/bin/../lib/gcc/arm-none-eabi/10.3.1/thumb/v7e-m+fp/hard/crtn.o
                0x0000000008008f84                . = ALIGN (0x4)
                0x0000000008008f84                _etext = .

.vfp11_veneer   0x0000000008008f84        0x0
 .vfp11_veneer  0x0000000008008f84        0x0 linker stubs

.v4_bx          0x0000000008008f84        0x0
 .v4_bx         0x0000000008008f84        0x0 linker stubs

.iplt           0x0000000008008f84        0x0
 .iplt          0x0000000008008f84        0x0 e:/st/stm32cubeide_1.12.1/stm32cubeide/plugins/com.st.stm32cube.ide.mcu.externaltools.gnu-tools-for-stm32.10.3-2021.10.win32_1.0.200.202301161003/tools/bin/../lib/gcc/arm-none-eabi/10.3.1/thumb/v7e-m+fp/hard/crtbegin.o

.rodata         0x0000000008008f84       0x1c
                0x0000000008008f84                . = ALIGN (0x4)
 *(.rodata)
 .rodata        0x0000000008008f84        0x4 ./Middlewares/ST/STM32_USB_Host_Library/Class/CDC/Src/usbh_cdc.o
 *(.rodata*)
 .rodata.AHBPrescTable
                0x0000000008008f88       0x10 ./Core/Src/system_stm32f4xx.o
                0x0000000008008f88                AHBPrescTable
 .rodata.APBPrescTable
                0x0000000008008f98        0x8 ./Core/Src/system_stm32f4xx.o
                0x0000000008008f98                APBPrescTable
                0x0000000008008fa0                . = ALIGN (0x4)

.ARM.extab      0x0000000008008fa0        0x0
                0x0000000008008fa0                . = ALIGN (0x4)
 *(.ARM.extab* .gnu.linkonce.armextab.*)
                0x0000000008008fa0                . = ALIGN (0x4)

.ARM            0x0000000008008fa0        0x8
                0x0000000008008fa0                . = ALIGN (0x4)
                0x0000000008008fa0                __exidx_start = .
 *(.ARM.exidx*)
 .ARM.exidx     0x0000000008008fa0        0x8 e:/st/stm32cubeide_1.12.1/stm32cubeide/plugins/com.st.stm32cube.ide.mcu.externaltools.gnu-tools-for-stm32.10.3-2021.10.win32_1.0.200.202301161003/tools/bin/../lib/gcc/arm-none-eabi/10.3.1/thumb/v7e-m+fp/hard\libgcc.a(_udivmoddi4.o)
                0x0000000008008fa8                __exidx_end = .
                0x0000000008008fa8                . = ALIGN (0x4)

.rel.dyn        0x0000000008008fa8        0x0
 .rel.iplt      0x0000000008008fa8        0x0 e:/st/stm32cubeide_1.12.1/stm32cubeide/plugins/com.st.stm32cube.ide.mcu.externaltools.gnu-tools-for-stm32.10.3-2021.10.win32_1.0.200.202301161003/tools/bin/../lib/gcc/arm-none-eabi/10.3.1/thumb/v7e-m+fp/hard/crtbegin.o

.preinit_array  0x0000000008008fa8        0x0
                0x0000000008008fa8                . = ALIGN (0x4)
                0x0000000008008fa8                PROVIDE (__preinit_array_start = .)
 *(.preinit_array*)
                0x0000000008008fa8                PROVIDE (__preinit_array_end = .)
                0x0000000008008fa8                . = ALIGN (0x4)

.init_array     0x0000000008008fa8        0x4
                0x0000000008008fa8                . = ALIGN (0x4)
                0x0000000008008fa8                PROVIDE (__init_array_start = .)
 *(SORT_BY_NAME(.init_array.*))
 *(.init_array*)
 .init_array    0x0000000008008fa8        0x4 e:/st/stm32cubeide_1.12.1/stm32cubeide/plugins/com.st.stm32cube.ide.mcu.externaltools.gnu-tools-for-stm32.10.3-2021.10.win32_1.0.200.202301161003/tools/bin/../lib/gcc/arm-none-eabi/10.3.1/thumb/v7e-m+fp/hard/crtbegin.o
                0x0000000008008fac                PROVIDE (__init_array_end = .)
                0x0000000008008fac                . = ALIGN (0x4)

.fini_array     0x0000000008008fac        0x4
                0x0000000008008fac                . = ALIGN (0x4)
                [!provide]                        PROVIDE (__fini_array_start = .)
 *(SORT_BY_NAME(.fini_array.*))
 *(.fini_array*)
 .fini_array    0x0000000008008fac        0x4 e:/st/stm32cubeide_1.12.1/stm32cubeide/plugins/com.st.stm32cube.ide.mcu.externaltools.gnu-tools-for-stm32.10.3-2021.10.win32_1.0.200.202301161003/tools/bin/../lib/gcc/arm-none-eabi/10.3.1/thumb/v7e-m+fp/hard/crtbegin.o
                [!provide]                        PROVIDE (__fini_array_end = .)
                0x0000000008008fb0                . = ALIGN (0x4)
                0x0000000008008fb0                _sidata = LOADADDR (.data)

.data           0x0000000020000000       0xa0 load address 0x0000000008008fb0
                0x0000000020000000                . = ALIGN (0x4)
                0x0000000020000000                _sdata = .
 *(.data)
 *(.data*)
 .data.ping     0x0000000020000000        0x5 ./Core/Src/main.o
                0x0000000020000000                ping
 *fill*         0x0000000020000005        0x3 
 .data.pong     0x0000000020000008        0x5 ./Core/Src/main.o
                0x0000000020000008                pong
 .data.flag2    0x000000002000000d        0x1 ./Core/Src/main.o
                0x000000002000000d                flag2
 *fill*         0x000000002000000e        0x2 
 .data.SystemCoreClock
                0x0000000020000010        0x4 ./Core/Src/system_stm32f4xx.o
                0x0000000020000010                SystemCoreClock
 .data.uwTickPrio
                0x0000000020000014        0x4 ./Drivers/STM32F4xx_HAL_Driver/Src/stm32f4xx_hal.o
                0x0000000020000014                uwTickPrio
 .data.uwTickFreq
                0x0000000020000018        0x1 ./Drivers/STM32F4xx_HAL_Driver/Src/stm32f4xx_hal.o
                0x0000000020000018                uwTickFreq
 *fill*         0x0000000020000019        0x3 
 .data.CDC_Class
                0x000000002000001c       0x20 ./Middlewares/ST/STM32_USB_Host_Library/Class/CDC/Src/usbh_cdc.o
                0x000000002000001c                CDC_Class
 .data._impure_ptr
                0x000000002000003c        0x4 e:/st/stm32cubeide_1.12.1/stm32cubeide/plugins/com.st.stm32cube.ide.mcu.externaltools.gnu-tools-for-stm32.10.3-2021.10.win32_1.0.200.202301161003/tools/bin/../lib/gcc/arm-none-eabi/10.3.1/../../../../arm-none-eabi/lib/thumb/v7e-m+fp/hard\libc_nano.a(lib_a-impure.o)
                0x000000002000003c                _impure_ptr
 .data.impure_data
                0x0000000020000040       0x60 e:/st/stm32cubeide_1.12.1/stm32cubeide/plugins/com.st.stm32cube.ide.mcu.externaltools.gnu-tools-for-stm32.10.3-2021.10.win32_1.0.200.202301161003/tools/bin/../lib/gcc/arm-none-eabi/10.3.1/../../../../arm-none-eabi/lib/thumb/v7e-m+fp/hard\libc_nano.a(lib_a-impure.o)
 *(.RamFunc)
 *(.RamFunc*)
                0x00000000200000a0                . = ALIGN (0x4)
                0x00000000200000a0                _edata = .
                0x0000000008009050                _siccmram = LOADADDR (.ccmram)

.igot.plt       0x00000000200000a0        0x0 load address 0x0000000008009050
 .igot.plt      0x00000000200000a0        0x0 e:/st/stm32cubeide_1.12.1/stm32cubeide/plugins/com.st.stm32cube.ide.mcu.externaltools.gnu-tools-for-stm32.10.3-2021.10.win32_1.0.200.202301161003/tools/bin/../lib/gcc/arm-none-eabi/10.3.1/thumb/v7e-m+fp/hard/crtbegin.o

.ccmram         0x0000000010000000        0x0 load address 0x0000000008009050
                0x0000000010000000                . = ALIGN (0x4)
                0x0000000010000000                _sccmram = .
 *(.ccmram)
 *(.ccmram*)
                0x0000000010000000                . = ALIGN (0x4)
                0x0000000010000000                _eccmram = .
                0x0000000010000000                . = ALIGN (0x4)

.bss            0x00000000200000a0      0x854
                0x00000000200000a0                _sbss = .
                0x00000000200000a0                __bss_start__ = _sbss
 *(.bss)
 .bss           0x00000000200000a0       0x1c e:/st/stm32cubeide_1.12.1/stm32cubeide/plugins/com.st.stm32cube.ide.mcu.externaltools.gnu-tools-for-stm32.10.3-2021.10.win32_1.0.200.202301161003/tools/bin/../lib/gcc/arm-none-eabi/10.3.1/thumb/v7e-m+fp/hard/crtbegin.o
 *(.bss*)
 .bss.hi2c1     0x00000000200000bc       0x54 ./Core/Src/main.o
                0x00000000200000bc                hi2c1
 .bss.hi2s3     0x0000000020000110       0x48 ./Core/Src/main.o
                0x0000000020000110                hi2s3
 .bss.hspi1     0x0000000020000158       0x58 ./Core/Src/main.o
                0x0000000020000158                hspi1
 .bss.huart3    0x00000000200001b0       0x44 ./Core/Src/main.o
                0x00000000200001b0                huart3
 .bss.buffer    0x00000000200001f4        0x4 ./Core/Src/main.o
                0x00000000200001f4                buffer
 .bss.flag      0x00000000200001f8        0x1 ./Core/Src/main.o
                0x00000000200001f8                flag
 *fill*         0x00000000200001f9        0x3 
 .bss.__sbrk_heap_end
                0x00000000200001fc        0x4 ./Core/Src/sysmem.o
 .bss.uwTick    0x0000000020000200        0x4 ./Drivers/STM32F4xx_HAL_Driver/Src/stm32f4xx_hal.o
                0x0000000020000200                uwTick
 .bss.hUsbHostFS
                0x0000000020000204      0x3d8 ./USB_HOST/App/usb_host.o
                0x0000000020000204                hUsbHostFS
 .bss.Appli_state
                0x00000000200005dc        0x1 ./USB_HOST/App/usb_host.o
                0x00000000200005dc                Appli_state
 *fill*         0x00000000200005dd        0x3 
 .bss.hhcd_USB_OTG_FS
                0x00000000200005e0      0x304 ./USB_HOST/Target/usbh_conf.o
                0x00000000200005e0                hhcd_USB_OTG_FS
 .bss.__malloc_free_list
                0x00000000200008e4        0x4 e:/st/stm32cubeide_1.12.1/stm32cubeide/plugins/com.st.stm32cube.ide.mcu.externaltools.gnu-tools-for-stm32.10.3-2021.10.win32_1.0.200.202301161003/tools/bin/../lib/gcc/arm-none-eabi/10.3.1/../../../../arm-none-eabi/lib/thumb/v7e-m+fp/hard\libc_nano.a(lib_a-nano-mallocr.o)
                0x00000000200008e4                __malloc_free_list
 .bss.__malloc_sbrk_start
                0x00000000200008e8        0x4 e:/st/stm32cubeide_1.12.1/stm32cubeide/plugins/com.st.stm32cube.ide.mcu.externaltools.gnu-tools-for-stm32.10.3-2021.10.win32_1.0.200.202301161003/tools/bin/../lib/gcc/arm-none-eabi/10.3.1/../../../../arm-none-eabi/lib/thumb/v7e-m+fp/hard\libc_nano.a(lib_a-nano-mallocr.o)
                0x00000000200008e8                __malloc_sbrk_start
 .bss.errno     0x00000000200008ec        0x4 e:/st/stm32cubeide_1.12.1/stm32cubeide/plugins/com.st.stm32cube.ide.mcu.externaltools.gnu-tools-for-stm32.10.3-2021.10.win32_1.0.200.202301161003/tools/bin/../lib/gcc/arm-none-eabi/10.3.1/../../../../arm-none-eabi/lib/thumb/v7e-m+fp/hard\libc_nano.a(lib_a-reent.o)
                0x00000000200008ec                errno
 .bss.__lock___malloc_recursive_mutex
                0x00000000200008f0        0x1 e:/st/stm32cubeide_1.12.1/stm32cubeide/plugins/com.st.stm32cube.ide.mcu.externaltools.gnu-tools-for-stm32.10.3-2021.10.win32_1.0.200.202301161003/tools/bin/../lib/gcc/arm-none-eabi/10.3.1/../../../../arm-none-eabi/lib/thumb/v7e-m+fp/hard\libc_nano.a(lib_a-lock.o)
                0x00000000200008f0                __lock___malloc_recursive_mutex
 *(COMMON)
                0x00000000200008f4                . = ALIGN (0x4)
 *fill*         0x00000000200008f1        0x3 
                0x00000000200008f4                _ebss = .
                0x00000000200008f4                __bss_end__ = _ebss

._user_heap_stack
                0x00000000200008f4      0x604
                0x00000000200008f8                . = ALIGN (0x8)
 *fill*         0x00000000200008f4        0x4 
                [!provide]                        PROVIDE (end = .)
                0x00000000200008f8                PROVIDE (_end = .)
                0x0000000020000af8                . = (. + _Min_Heap_Size)
 *fill*         0x00000000200008f8      0x200 
                0x0000000020000ef8                . = (. + _Min_Stack_Size)
 *fill*         0x0000000020000af8      0x400 
                0x0000000020000ef8                . = ALIGN (0x8)

/DISCARD/
 libc.a(*)
 libm.a(*)
 libgcc.a(*)

.ARM.attributes
                0x0000000000000000       0x30
 *(.ARM.attributes)
 .ARM.attributes
                0x0000000000000000       0x1e e:/st/stm32cubeide_1.12.1/stm32cubeide/plugins/com.st.stm32cube.ide.mcu.externaltools.gnu-tools-for-stm32.10.3-2021.10.win32_1.0.200.202301161003/tools/bin/../lib/gcc/arm-none-eabi/10.3.1/thumb/v7e-m+fp/hard/crti.o
 .ARM.attributes
                0x000000000000001e       0x34 e:/st/stm32cubeide_1.12.1/stm32cubeide/plugins/com.st.stm32cube.ide.mcu.externaltools.gnu-tools-for-stm32.10.3-2021.10.win32_1.0.200.202301161003/tools/bin/../lib/gcc/arm-none-eabi/10.3.1/thumb/v7e-m+fp/hard/crtbegin.o
 .ARM.attributes
                0x0000000000000052       0x34 ./Core/Src/main.o
 .ARM.attributes
                0x0000000000000086       0x34 ./Core/Src/stm32f4xx_hal_msp.o
 .ARM.attributes
                0x00000000000000ba       0x34 ./Core/Src/stm32f4xx_it.o
 .ARM.attributes
                0x00000000000000ee       0x34 ./Core/Src/sysmem.o
 .ARM.attributes
                0x0000000000000122       0x34 ./Core/Src/system_stm32f4xx.o
 .ARM.attributes
                0x0000000000000156       0x21 ./Core/Startup/startup_stm32f407vgtx.o
 .ARM.attributes
                0x0000000000000177       0x34 ./Drivers/STM32F4xx_HAL_Driver/Src/stm32f4xx_hal.o
 .ARM.attributes
                0x00000000000001ab       0x34 ./Drivers/STM32F4xx_HAL_Driver/Src/stm32f4xx_hal_cortex.o
 .ARM.attributes
                0x00000000000001df       0x34 ./Drivers/STM32F4xx_HAL_Driver/Src/stm32f4xx_hal_dma.o
 .ARM.attributes
                0x0000000000000213       0x34 ./Drivers/STM32F4xx_HAL_Driver/Src/stm32f4xx_hal_gpio.o
 .ARM.attributes
                0x0000000000000247       0x34 ./Drivers/STM32F4xx_HAL_Driver/Src/stm32f4xx_hal_hcd.o
 .ARM.attributes
                0x000000000000027b       0x34 ./Drivers/STM32F4xx_HAL_Driver/Src/stm32f4xx_hal_i2c.o
 .ARM.attributes
                0x00000000000002af       0x34 ./Drivers/STM32F4xx_HAL_Driver/Src/stm32f4xx_hal_i2s.o
 .ARM.attributes
                0x00000000000002e3       0x34 ./Drivers/STM32F4xx_HAL_Driver/Src/stm32f4xx_hal_i2s_ex.o
 .ARM.attributes
                0x0000000000000317       0x34 ./Drivers/STM32F4xx_HAL_Driver/Src/stm32f4xx_hal_rcc.o
 .ARM.attributes
                0x000000000000034b       0x34 ./Drivers/STM32F4xx_HAL_Driver/Src/stm32f4xx_hal_rcc_ex.o
 .ARM.attributes
                0x000000000000037f       0x34 ./Drivers/STM32F4xx_HAL_Driver/Src/stm32f4xx_hal_spi.o
 .ARM.attributes
                0x00000000000003b3       0x34 ./Drivers/STM32F4xx_HAL_Driver/Src/stm32f4xx_hal_uart.o
 .ARM.attributes
                0x00000000000003e7       0x34 ./Drivers/STM32F4xx_HAL_Driver/Src/stm32f4xx_ll_usb.o
 .ARM.attributes
                0x000000000000041b       0x34 ./Middlewares/ST/STM32_USB_Host_Library/Class/CDC/Src/usbh_cdc.o
 .ARM.attributes
                0x000000000000044f       0x34 ./Middlewares/ST/STM32_USB_Host_Library/Core/Src/usbh_core.o
 .ARM.attributes
                0x0000000000000483       0x34 ./Middlewares/ST/STM32_USB_Host_Library/Core/Src/usbh_ctlreq.o
 .ARM.attributes
                0x00000000000004b7       0x34 ./Middlewares/ST/STM32_USB_Host_Library/Core/Src/usbh_ioreq.o
 .ARM.attributes
                0x00000000000004eb       0x34 ./Middlewares/ST/STM32_USB_Host_Library/Core/Src/usbh_pipes.o
 .ARM.attributes
                0x000000000000051f       0x34 ./USB_HOST/App/usb_host.o
 .ARM.attributes
                0x0000000000000553       0x34 ./USB_HOST/Target/usbh_conf.o
 .ARM.attributes
                0x0000000000000587       0x34 ./USB_HOST/Target/usbh_platform.o
 .ARM.attributes
                0x00000000000005bb       0x34 e:/st/stm32cubeide_1.12.1/stm32cubeide/plugins/com.st.stm32cube.ide.mcu.externaltools.gnu-tools-for-stm32.10.3-2021.10.win32_1.0.200.202301161003/tools/bin/../lib/gcc/arm-none-eabi/10.3.1/../../../../arm-none-eabi/lib/thumb/v7e-m+fp/hard\libc_nano.a(lib_a-errno.o)
 .ARM.attributes
                0x00000000000005ef       0x34 e:/st/stm32cubeide_1.12.1/stm32cubeide/plugins/com.st.stm32cube.ide.mcu.externaltools.gnu-tools-for-stm32.10.3-2021.10.win32_1.0.200.202301161003/tools/bin/../lib/gcc/arm-none-eabi/10.3.1/../../../../arm-none-eabi/lib/thumb/v7e-m+fp/hard\libc_nano.a(lib_a-impure.o)
 .ARM.attributes
                0x0000000000000623       0x34 e:/st/stm32cubeide_1.12.1/stm32cubeide/plugins/com.st.stm32cube.ide.mcu.externaltools.gnu-tools-for-stm32.10.3-2021.10.win32_1.0.200.202301161003/tools/bin/../lib/gcc/arm-none-eabi/10.3.1/../../../../arm-none-eabi/lib/thumb/v7e-m+fp/hard\libc_nano.a(lib_a-init.o)
 .ARM.attributes
                0x0000000000000657       0x34 e:/st/stm32cubeide_1.12.1/stm32cubeide/plugins/com.st.stm32cube.ide.mcu.externaltools.gnu-tools-for-stm32.10.3-2021.10.win32_1.0.200.202301161003/tools/bin/../lib/gcc/arm-none-eabi/10.3.1/../../../../arm-none-eabi/lib/thumb/v7e-m+fp/hard\libc_nano.a(lib_a-malloc.o)
 .ARM.attributes
                0x000000000000068b       0x34 e:/st/stm32cubeide_1.12.1/stm32cubeide/plugins/com.st.stm32cube.ide.mcu.externaltools.gnu-tools-for-stm32.10.3-2021.10.win32_1.0.200.202301161003/tools/bin/../lib/gcc/arm-none-eabi/10.3.1/../../../../arm-none-eabi/lib/thumb/v7e-m+fp/hard\libc_nano.a(lib_a-memset.o)
 .ARM.attributes
                0x00000000000006bf       0x34 e:/st/stm32cubeide_1.12.1/stm32cubeide/plugins/com.st.stm32cube.ide.mcu.externaltools.gnu-tools-for-stm32.10.3-2021.10.win32_1.0.200.202301161003/tools/bin/../lib/gcc/arm-none-eabi/10.3.1/../../../../arm-none-eabi/lib/thumb/v7e-m+fp/hard\libc_nano.a(lib_a-nano-freer.o)
 .ARM.attributes
                0x00000000000006f3       0x34 e:/st/stm32cubeide_1.12.1/stm32cubeide/plugins/com.st.stm32cube.ide.mcu.externaltools.gnu-tools-for-stm32.10.3-2021.10.win32_1.0.200.202301161003/tools/bin/../lib/gcc/arm-none-eabi/10.3.1/../../../../arm-none-eabi/lib/thumb/v7e-m+fp/hard\libc_nano.a(lib_a-nano-mallocr.o)
 .ARM.attributes
                0x0000000000000727       0x34 e:/st/stm32cubeide_1.12.1/stm32cubeide/plugins/com.st.stm32cube.ide.mcu.externaltools.gnu-tools-for-stm32.10.3-2021.10.win32_1.0.200.202301161003/tools/bin/../lib/gcc/arm-none-eabi/10.3.1/../../../../arm-none-eabi/lib/thumb/v7e-m+fp/hard\libc_nano.a(lib_a-sbrkr.o)
 .ARM.attributes
                0x000000000000075b       0x34 e:/st/stm32cubeide_1.12.1/stm32cubeide/plugins/com.st.stm32cube.ide.mcu.externaltools.gnu-tools-for-stm32.10.3-2021.10.win32_1.0.200.202301161003/tools/bin/../lib/gcc/arm-none-eabi/10.3.1/../../../../arm-none-eabi/lib/thumb/v7e-m+fp/hard\libc_nano.a(lib_a-strncmp.o)
 .ARM.attributes
                0x000000000000078f       0x34 e:/st/stm32cubeide_1.12.1/stm32cubeide/plugins/com.st.stm32cube.ide.mcu.externaltools.gnu-tools-for-stm32.10.3-2021.10.win32_1.0.200.202301161003/tools/bin/../lib/gcc/arm-none-eabi/10.3.1/../../../../arm-none-eabi/lib/thumb/v7e-m+fp/hard\libc_nano.a(lib_a-mlock.o)
 .ARM.attributes
                0x00000000000007c3       0x34 e:/st/stm32cubeide_1.12.1/stm32cubeide/plugins/com.st.stm32cube.ide.mcu.externaltools.gnu-tools-for-stm32.10.3-2021.10.win32_1.0.200.202301161003/tools/bin/../lib/gcc/arm-none-eabi/10.3.1/../../../../arm-none-eabi/lib/thumb/v7e-m+fp/hard\libc_nano.a(lib_a-reent.o)
 .ARM.attributes
                0x00000000000007f7       0x34 e:/st/stm32cubeide_1.12.1/stm32cubeide/plugins/com.st.stm32cube.ide.mcu.externaltools.gnu-tools-for-stm32.10.3-2021.10.win32_1.0.200.202301161003/tools/bin/../lib/gcc/arm-none-eabi/10.3.1/../../../../arm-none-eabi/lib/thumb/v7e-m+fp/hard\libc_nano.a(lib_a-lock.o)
 .ARM.attributes
                0x000000000000082b       0x1e e:/st/stm32cubeide_1.12.1/stm32cubeide/plugins/com.st.stm32cube.ide.mcu.externaltools.gnu-tools-for-stm32.10.3-2021.10.win32_1.0.200.202301161003/tools/bin/../lib/gcc/arm-none-eabi/10.3.1/thumb/v7e-m+fp/hard\libgcc.a(_aeabi_uldivmod.o)
 .ARM.attributes
                0x0000000000000849       0x34 e:/st/stm32cubeide_1.12.1/stm32cubeide/plugins/com.st.stm32cube.ide.mcu.externaltools.gnu-tools-for-stm32.10.3-2021.10.win32_1.0.200.202301161003/tools/bin/../lib/gcc/arm-none-eabi/10.3.1/thumb/v7e-m+fp/hard\libgcc.a(_udivmoddi4.o)
 .ARM.attributes
                0x000000000000087d       0x1e e:/st/stm32cubeide_1.12.1/stm32cubeide/plugins/com.st.stm32cube.ide.mcu.externaltools.gnu-tools-for-stm32.10.3-2021.10.win32_1.0.200.202301161003/tools/bin/../lib/gcc/arm-none-eabi/10.3.1/thumb/v7e-m+fp/hard\libgcc.a(_dvmd_tls.o)
 .ARM.attributes
                0x000000000000089b       0x1e e:/st/stm32cubeide_1.12.1/stm32cubeide/plugins/com.st.stm32cube.ide.mcu.externaltools.gnu-tools-for-stm32.10.3-2021.10.win32_1.0.200.202301161003/tools/bin/../lib/gcc/arm-none-eabi/10.3.1/thumb/v7e-m+fp/hard/crtn.o
OUTPUT(J2F4.elf elf32-littlearm)
LOAD linker stubs
LOAD e:/st/stm32cubeide_1.12.1/stm32cubeide/plugins/com.st.stm32cube.ide.mcu.externaltools.gnu-tools-for-stm32.10.3-2021.10.win32_1.0.200.202301161003/tools/bin/../lib/gcc/arm-none-eabi/10.3.1/../../../../arm-none-eabi/lib/thumb/v7e-m+fp/hard\libc.a
LOAD e:/st/stm32cubeide_1.12.1/stm32cubeide/plugins/com.st.stm32cube.ide.mcu.externaltools.gnu-tools-for-stm32.10.3-2021.10.win32_1.0.200.202301161003/tools/bin/../lib/gcc/arm-none-eabi/10.3.1/../../../../arm-none-eabi/lib/thumb/v7e-m+fp/hard\libm.a
LOAD e:/st/stm32cubeide_1.12.1/stm32cubeide/plugins/com.st.stm32cube.ide.mcu.externaltools.gnu-tools-for-stm32.10.3-2021.10.win32_1.0.200.202301161003/tools/bin/../lib/gcc/arm-none-eabi/10.3.1/thumb/v7e-m+fp/hard\libgcc.a

.debug_info     0x0000000000000000    0x1a0f7
 .debug_info    0x0000000000000000     0x1590 ./Core/Src/main.o
 .debug_info    0x0000000000001590     0x15c2 ./Core/Src/stm32f4xx_hal_msp.o
 .debug_info    0x0000000000002b52      0xb3d ./Core/Src/stm32f4xx_it.o
 .debug_info    0x000000000000368f      0x171 ./Core/Src/sysmem.o
 .debug_info    0x0000000000003800      0x523 ./Core/Src/system_stm32f4xx.o
 .debug_info    0x0000000000003d23       0x22 ./Core/Startup/startup_stm32f407vgtx.o
 .debug_info    0x0000000000003d45      0x97c ./Drivers/STM32F4xx_HAL_Driver/Src/stm32f4xx_hal.o
 .debug_info    0x00000000000046c1      0xe1b ./Drivers/STM32F4xx_HAL_Driver/Src/stm32f4xx_hal_cortex.o
 .debug_info    0x00000000000054dc      0x94f ./Drivers/STM32F4xx_HAL_Driver/Src/stm32f4xx_hal_dma.o
 .debug_info    0x0000000000005e2b      0x76a ./Drivers/STM32F4xx_HAL_Driver/Src/stm32f4xx_hal_gpio.o
 .debug_info    0x0000000000006595     0x10c6 ./Drivers/STM32F4xx_HAL_Driver/Src/stm32f4xx_hal_hcd.o
 .debug_info    0x000000000000765b     0x2609 ./Drivers/STM32F4xx_HAL_Driver/Src/stm32f4xx_hal_i2c.o
 .debug_info    0x0000000000009c64      0xeb6 ./Drivers/STM32F4xx_HAL_Driver/Src/stm32f4xx_hal_i2s.o
 .debug_info    0x000000000000ab1a      0xb7b ./Drivers/STM32F4xx_HAL_Driver/Src/stm32f4xx_hal_i2s_ex.o
 .debug_info    0x000000000000b695      0x966 ./Drivers/STM32F4xx_HAL_Driver/Src/stm32f4xx_hal_rcc.o
 .debug_info    0x000000000000bffb      0x569 ./Drivers/STM32F4xx_HAL_Driver/Src/stm32f4xx_hal_rcc_ex.o
 .debug_info    0x000000000000c564     0x1758 ./Drivers/STM32F4xx_HAL_Driver/Src/stm32f4xx_hal_spi.o
 .debug_info    0x000000000000dcbc     0x31bc ./Drivers/STM32F4xx_HAL_Driver/Src/stm32f4xx_hal_uart.o
 .debug_info    0x0000000000010e78     0x1a97 ./Drivers/STM32F4xx_HAL_Driver/Src/stm32f4xx_ll_usb.o
 .debug_info    0x000000000001290f     0x150d ./Middlewares/ST/STM32_USB_Host_Library/Class/CDC/Src/usbh_cdc.o
 .debug_info    0x0000000000013e1c     0x1065 ./Middlewares/ST/STM32_USB_Host_Library/Core/Src/usbh_core.o
 .debug_info    0x0000000000014e81     0x1083 ./Middlewares/ST/STM32_USB_Host_Library/Core/Src/usbh_ctlreq.o
 .debug_info    0x0000000000015f04      0xcf6 ./Middlewares/ST/STM32_USB_Host_Library/Core/Src/usbh_ioreq.o
 .debug_info    0x0000000000016bfa      0xb34 ./Middlewares/ST/STM32_USB_Host_Library/Core/Src/usbh_pipes.o
 .debug_info    0x000000000001772e      0xab3 ./USB_HOST/App/usb_host.o
 .debug_info    0x00000000000181e1     0x1d2d ./USB_HOST/Target/usbh_conf.o
 .debug_info    0x0000000000019f0e      0x1e9 ./USB_HOST/Target/usbh_platform.o

.debug_abbrev   0x0000000000000000     0x3cc0
 .debug_abbrev  0x0000000000000000      0x29f ./Core/Src/main.o
 .debug_abbrev  0x000000000000029f      0x221 ./Core/Src/stm32f4xx_hal_msp.o
 .debug_abbrev  0x00000000000004c0      0x1de ./Core/Src/stm32f4xx_it.o
 .debug_abbrev  0x000000000000069e       0xbb ./Core/Src/sysmem.o
 .debug_abbrev  0x0000000000000759      0x116 ./Core/Src/system_stm32f4xx.o
 .debug_abbrev  0x000000000000086f       0x12 ./Core/Startup/startup_stm32f407vgtx.o
 .debug_abbrev  0x0000000000000881      0x20d ./Drivers/STM32F4xx_HAL_Driver/Src/stm32f4xx_hal.o
 .debug_abbrev  0x0000000000000a8e      0x316 ./Drivers/STM32F4xx_HAL_Driver/Src/stm32f4xx_hal_cortex.o
 .debug_abbrev  0x0000000000000da4      0x25b ./Drivers/STM32F4xx_HAL_Driver/Src/stm32f4xx_hal_dma.o
 .debug_abbrev  0x0000000000000fff      0x1c4 ./Drivers/STM32F4xx_HAL_Driver/Src/stm32f4xx_hal_gpio.o
 .debug_abbrev  0x00000000000011c3      0x27e ./Drivers/STM32F4xx_HAL_Driver/Src/stm32f4xx_hal_hcd.o
 .debug_abbrev  0x0000000000001441      0x297 ./Drivers/STM32F4xx_HAL_Driver/Src/stm32f4xx_hal_i2c.o
 .debug_abbrev  0x00000000000016d8      0x247 ./Drivers/STM32F4xx_HAL_Driver/Src/stm32f4xx_hal_i2s.o
 .debug_abbrev  0x000000000000191f      0x278 ./Drivers/STM32F4xx_HAL_Driver/Src/stm32f4xx_hal_i2s_ex.o
 .debug_abbrev  0x0000000000001b97      0x2aa ./Drivers/STM32F4xx_HAL_Driver/Src/stm32f4xx_hal_rcc.o
 .debug_abbrev  0x0000000000001e41      0x1a8 ./Drivers/STM32F4xx_HAL_Driver/Src/stm32f4xx_hal_rcc_ex.o
 .debug_abbrev  0x0000000000001fe9      0x26e ./Drivers/STM32F4xx_HAL_Driver/Src/stm32f4xx_hal_spi.o
 .debug_abbrev  0x0000000000002257      0x2f4 ./Drivers/STM32F4xx_HAL_Driver/Src/stm32f4xx_hal_uart.o
 .debug_abbrev  0x000000000000254b      0x296 ./Drivers/STM32F4xx_HAL_Driver/Src/stm32f4xx_ll_usb.o
 .debug_abbrev  0x00000000000027e1      0x328 ./Middlewares/ST/STM32_USB_Host_Library/Class/CDC/Src/usbh_cdc.o
 .debug_abbrev  0x0000000000002b09      0x317 ./Middlewares/ST/STM32_USB_Host_Library/Core/Src/usbh_core.o
 .debug_abbrev  0x0000000000002e20      0x2e6 ./Middlewares/ST/STM32_USB_Host_Library/Core/Src/usbh_ctlreq.o
 .debug_abbrev  0x0000000000003106      0x232 ./Middlewares/ST/STM32_USB_Host_Library/Core/Src/usbh_ioreq.o
 .debug_abbrev  0x0000000000003338      0x270 ./Middlewares/ST/STM32_USB_Host_Library/Core/Src/usbh_pipes.o
 .debug_abbrev  0x00000000000035a8      0x25a ./USB_HOST/App/usb_host.o
 .debug_abbrev  0x0000000000003802      0x3ac ./USB_HOST/Target/usbh_conf.o
 .debug_abbrev  0x0000000000003bae      0x112 ./USB_HOST/Target/usbh_platform.o

.debug_aranges  0x0000000000000000     0x13d0
 .debug_aranges
                0x0000000000000000       0x68 ./Core/Src/main.o
 .debug_aranges
                0x0000000000000068       0x60 ./Core/Src/stm32f4xx_hal_msp.o
 .debug_aranges
                0x00000000000000c8       0x70 ./Core/Src/stm32f4xx_it.o
 .debug_aranges
                0x0000000000000138       0x20 ./Core/Src/sysmem.o
 .debug_aranges
                0x0000000000000158       0x28 ./Core/Src/system_stm32f4xx.o
 .debug_aranges
                0x0000000000000180       0x28 ./Core/Startup/startup_stm32f407vgtx.o
 .debug_aranges
                0x00000000000001a8       0xf0 ./Drivers/STM32F4xx_HAL_Driver/Src/stm32f4xx_hal.o
 .debug_aranges
                0x0000000000000298      0x118 ./Drivers/STM32F4xx_HAL_Driver/Src/stm32f4xx_hal_cortex.o
 .debug_aranges
                0x00000000000003b0       0x90 ./Drivers/STM32F4xx_HAL_Driver/Src/stm32f4xx_hal_dma.o
 .debug_aranges
                0x0000000000000440       0x58 ./Drivers/STM32F4xx_HAL_Driver/Src/stm32f4xx_hal_gpio.o
 .debug_aranges
                0x0000000000000498       0xf8 ./Drivers/STM32F4xx_HAL_Driver/Src/stm32f4xx_hal_hcd.o
 .debug_aranges
                0x0000000000000590      0x2a0 ./Drivers/STM32F4xx_HAL_Driver/Src/stm32f4xx_hal_i2c.o
 .debug_aranges
                0x0000000000000830      0x108 ./Drivers/STM32F4xx_HAL_Driver/Src/stm32f4xx_hal_i2s.o
 .debug_aranges
                0x0000000000000938       0x88 ./Drivers/STM32F4xx_HAL_Driver/Src/stm32f4xx_hal_i2s_ex.o
 .debug_aranges
                0x00000000000009c0       0x88 ./Drivers/STM32F4xx_HAL_Driver/Src/stm32f4xx_hal_rcc.o
 .debug_aranges
                0x0000000000000a48       0x48 ./Drivers/STM32F4xx_HAL_Driver/Src/stm32f4xx_hal_rcc_ex.o
 .debug_aranges
                0x0000000000000a90      0x1d0 ./Drivers/STM32F4xx_HAL_Driver/Src/stm32f4xx_hal_spi.o
 .debug_aranges
                0x0000000000000c60      0x200 ./Drivers/STM32F4xx_HAL_Driver/Src/stm32f4xx_hal_uart.o
 .debug_aranges
                0x0000000000000e60      0x1a0 ./Drivers/STM32F4xx_HAL_Driver/Src/stm32f4xx_ll_usb.o
 .debug_aranges
                0x0000000000001000       0xa8 ./Middlewares/ST/STM32_USB_Host_Library/Class/CDC/Src/usbh_cdc.o
 .debug_aranges
                0x00000000000010a8       0xc0 ./Middlewares/ST/STM32_USB_Host_Library/Core/Src/usbh_core.o
 .debug_aranges
                0x0000000000001168       0xa0 ./Middlewares/ST/STM32_USB_Host_Library/Core/Src/usbh_ctlreq.o
 .debug_aranges
                0x0000000000001208       0x60 ./Middlewares/ST/STM32_USB_Host_Library/Core/Src/usbh_ioreq.o
 .debug_aranges
                0x0000000000001268       0x40 ./Middlewares/ST/STM32_USB_Host_Library/Core/Src/usbh_pipes.o
 .debug_aranges
                0x00000000000012a8       0x30 ./USB_HOST/App/usb_host.o
 .debug_aranges
                0x00000000000012d8       0xd8 ./USB_HOST/Target/usbh_conf.o
 .debug_aranges
                0x00000000000013b0       0x20 ./USB_HOST/Target/usbh_platform.o

.debug_ranges   0x0000000000000000     0x1270
 .debug_ranges  0x0000000000000000       0x58 ./Core/Src/main.o
 .debug_ranges  0x0000000000000058       0x50 ./Core/Src/stm32f4xx_hal_msp.o
 .debug_ranges  0x00000000000000a8       0x60 ./Core/Src/stm32f4xx_it.o
 .debug_ranges  0x0000000000000108       0x10 ./Core/Src/sysmem.o
 .debug_ranges  0x0000000000000118       0x18 ./Core/Src/system_stm32f4xx.o
 .debug_ranges  0x0000000000000130       0x20 ./Core/Startup/startup_stm32f407vgtx.o
 .debug_ranges  0x0000000000000150       0xe0 ./Drivers/STM32F4xx_HAL_Driver/Src/stm32f4xx_hal.o
 .debug_ranges  0x0000000000000230      0x108 ./Drivers/STM32F4xx_HAL_Driver/Src/stm32f4xx_hal_cortex.o
 .debug_ranges  0x0000000000000338       0x80 ./Drivers/STM32F4xx_HAL_Driver/Src/stm32f4xx_hal_dma.o
 .debug_ranges  0x00000000000003b8       0x48 ./Drivers/STM32F4xx_HAL_Driver/Src/stm32f4xx_hal_gpio.o
 .debug_ranges  0x0000000000000400       0xe8 ./Drivers/STM32F4xx_HAL_Driver/Src/stm32f4xx_hal_hcd.o
 .debug_ranges  0x00000000000004e8      0x2a8 ./Drivers/STM32F4xx_HAL_Driver/Src/stm32f4xx_hal_i2c.o
 .debug_ranges  0x0000000000000790       0xf8 ./Drivers/STM32F4xx_HAL_Driver/Src/stm32f4xx_hal_i2s.o
 .debug_ranges  0x0000000000000888       0x78 ./Drivers/STM32F4xx_HAL_Driver/Src/stm32f4xx_hal_i2s_ex.o
 .debug_ranges  0x0000000000000900       0x78 ./Drivers/STM32F4xx_HAL_Driver/Src/stm32f4xx_hal_rcc.o
 .debug_ranges  0x0000000000000978       0x38 ./Drivers/STM32F4xx_HAL_Driver/Src/stm32f4xx_hal_rcc_ex.o
 .debug_ranges  0x00000000000009b0      0x1c0 ./Drivers/STM32F4xx_HAL_Driver/Src/stm32f4xx_hal_spi.o
 .debug_ranges  0x0000000000000b70      0x220 ./Drivers/STM32F4xx_HAL_Driver/Src/stm32f4xx_hal_uart.o
 .debug_ranges  0x0000000000000d90      0x190 ./Drivers/STM32F4xx_HAL_Driver/Src/stm32f4xx_ll_usb.o
 .debug_ranges  0x0000000000000f20       0x98 ./Middlewares/ST/STM32_USB_Host_Library/Class/CDC/Src/usbh_cdc.o
 .debug_ranges  0x0000000000000fb8       0xb0 ./Middlewares/ST/STM32_USB_Host_Library/Core/Src/usbh_core.o
 .debug_ranges  0x0000000000001068       0x90 ./Middlewares/ST/STM32_USB_Host_Library/Core/Src/usbh_ctlreq.o
 .debug_ranges  0x00000000000010f8       0x50 ./Middlewares/ST/STM32_USB_Host_Library/Core/Src/usbh_ioreq.o
 .debug_ranges  0x0000000000001148       0x30 ./Middlewares/ST/STM32_USB_Host_Library/Core/Src/usbh_pipes.o
 .debug_ranges  0x0000000000001178       0x20 ./USB_HOST/App/usb_host.o
 .debug_ranges  0x0000000000001198       0xc8 ./USB_HOST/Target/usbh_conf.o
 .debug_ranges  0x0000000000001260       0x10 ./USB_HOST/Target/usbh_platform.o

.debug_macro    0x0000000000000000    0x245cf
 .debug_macro   0x0000000000000000      0x2f7 ./Core/Src/main.o
 .debug_macro   0x00000000000002f7      0xa78 ./Core/Src/main.o
 .debug_macro   0x0000000000000d6f      0x2ad ./Core/Src/main.o
 .debug_macro   0x000000000000101c       0x2e ./Core/Src/main.o
 .debug_macro   0x000000000000104a       0x2f ./Core/Src/main.o
 .debug_macro   0x0000000000001079       0x22 ./Core/Src/main.o
 .debug_macro   0x000000000000109b       0x8e ./Core/Src/main.o
 .debug_macro   0x0000000000001129       0x51 ./Core/Src/main.o
 .debug_macro   0x000000000000117a      0x103 ./Core/Src/main.o
 .debug_macro   0x000000000000127d       0x6a ./Core/Src/main.o
 .debug_macro   0x00000000000012e7      0x1df ./Core/Src/main.o
 .debug_macro   0x00000000000014c6       0x1c ./Core/Src/main.o
 .debug_macro   0x00000000000014e2       0x22 ./Core/Src/main.o
 .debug_macro   0x0000000000001504       0xd9 ./Core/Src/main.o
 .debug_macro   0x00000000000015dd     0x102d ./Core/Src/main.o
 .debug_macro   0x000000000000260a      0x11f ./Core/Src/main.o
 .debug_macro   0x0000000000002729    0x15e82 ./Core/Src/main.o
 .debug_macro   0x00000000000185ab       0x6d ./Core/Src/main.o
 .debug_macro   0x0000000000018618     0x367e ./Core/Src/main.o
 .debug_macro   0x000000000001bc96      0x174 ./Core/Src/main.o
 .debug_macro   0x000000000001be0a       0x5c ./Core/Src/main.o
 .debug_macro   0x000000000001be66      0x96b ./Core/Src/main.o
 .debug_macro   0x000000000001c7d1      0x9fe ./Core/Src/main.o
 .debug_macro   0x000000000001d1cf      0x115 ./Core/Src/main.o
 .debug_macro   0x000000000001d2e4      0x13e ./Core/Src/main.o
 .debug_macro   0x000000000001d422       0xa5 ./Core/Src/main.o
 .debug_macro   0x000000000001d4c7      0x174 ./Core/Src/main.o
 .debug_macro   0x000000000001d63b      0x287 ./Core/Src/main.o
 .debug_macro   0x000000000001d8c2       0x5f ./Core/Src/main.o
 .debug_macro   0x000000000001d921      0x236 ./Core/Src/main.o
 .debug_macro   0x000000000001db57      0x12c ./Core/Src/main.o
 .debug_macro   0x000000000001dc83      0x21e ./Core/Src/main.o
 .debug_macro   0x000000000001dea1       0x2e ./Core/Src/main.o
 .debug_macro   0x000000000001decf      0x1b5 ./Core/Src/main.o
 .debug_macro   0x000000000001e084       0xd6 ./Core/Src/main.o
 .debug_macro   0x000000000001e15a      0x1a7 ./Core/Src/main.o
 .debug_macro   0x000000000001e301       0x46 ./Core/Src/main.o
 .debug_macro   0x000000000001e347       0x4a ./Core/Src/main.o
 .debug_macro   0x000000000001e391      0x11a ./Core/Src/main.o
 .debug_macro   0x000000000001e4ab       0x7e ./Core/Src/main.o
 .debug_macro   0x000000000001e529       0x89 ./Core/Src/main.o
 .debug_macro   0x000000000001e5b2      0x225 ./Core/Src/main.o
 .debug_macro   0x000000000001e7d7      0x295 ./Core/Src/main.o
 .debug_macro   0x000000000001ea6c      0x248 ./Core/Src/main.o
 .debug_macro   0x000000000001ecb4       0x7c ./Core/Src/main.o
 .debug_macro   0x000000000001ed30      0x12d ./Core/Src/main.o
 .debug_macro   0x000000000001ee5d      0x190 ./Core/Src/main.o
 .debug_macro   0x000000000001efed       0x52 ./Core/Src/main.o
 .debug_macro   0x000000000001f03f       0x1e ./Core/Src/main.o
 .debug_macro   0x000000000001f05d       0x3c ./Core/Src/main.o
 .debug_macro   0x000000000001f099       0x34 ./Core/Src/main.o
 .debug_macro   0x000000000001f0cd       0x16 ./Core/Src/main.o
 .debug_macro   0x000000000001f0e3       0x43 ./Core/Src/main.o
 .debug_macro   0x000000000001f126       0x34 ./Core/Src/main.o
 .debug_macro   0x000000000001f15a       0x10 ./Core/Src/main.o
 .debug_macro   0x000000000001f16a       0x58 ./Core/Src/main.o
 .debug_macro   0x000000000001f1c2       0x71 ./Core/Src/main.o
 .debug_macro   0x000000000001f233       0x1c ./Core/Src/main.o
 .debug_macro   0x000000000001f24f      0x12a ./Core/Src/main.o
 .debug_macro   0x000000000001f379      0x341 ./Core/Src/main.o
 .debug_macro   0x000000000001f6ba       0x10 ./Core/Src/main.o
 .debug_macro   0x000000000001f6ca       0x35 ./Core/Src/main.o
 .debug_macro   0x000000000001f6ff       0x20 ./Core/Src/main.o
 .debug_macro   0x000000000001f71f      0x21f ./Core/Src/stm32f4xx_hal_msp.o
 .debug_macro   0x000000000001f93e      0x229 ./Core/Src/stm32f4xx_it.o
 .debug_macro   0x000000000001fb67       0xff ./Core/Src/sysmem.o
 .debug_macro   0x000000000001fc66      0x23b ./Core/Src/sysmem.o
 .debug_macro   0x000000000001fea1      0x210 ./Core/Src/system_stm32f4xx.o
 .debug_macro   0x00000000000200b1      0x270 ./Drivers/STM32F4xx_HAL_Driver/Src/stm32f4xx_hal.o
 .debug_macro   0x0000000000020321      0x210 ./Drivers/STM32F4xx_HAL_Driver/Src/stm32f4xx_hal_cortex.o
 .debug_macro   0x0000000000020531      0x216 ./Drivers/STM32F4xx_HAL_Driver/Src/stm32f4xx_hal_dma.o
 .debug_macro   0x0000000000020747      0x216 ./Drivers/STM32F4xx_HAL_Driver/Src/stm32f4xx_hal_gpio.o
 .debug_macro   0x000000000002095d      0x210 ./Drivers/STM32F4xx_HAL_Driver/Src/stm32f4xx_hal_hcd.o
 .debug_macro   0x0000000000020b6d      0x257 ./Drivers/STM32F4xx_HAL_Driver/Src/stm32f4xx_hal_i2c.o
 .debug_macro   0x0000000000020dc4      0x218 ./Drivers/STM32F4xx_HAL_Driver/Src/stm32f4xx_hal_i2s.o
 .debug_macro   0x0000000000020fdc      0x210 ./Drivers/STM32F4xx_HAL_Driver/Src/stm32f4xx_hal_i2s_ex.o
 .debug_macro   0x00000000000211ec      0x234 ./Drivers/STM32F4xx_HAL_Driver/Src/stm32f4xx_hal_rcc.o
 .debug_macro   0x0000000000021420      0x210 ./Drivers/STM32F4xx_HAL_Driver/Src/stm32f4xx_hal_rcc_ex.o
 .debug_macro   0x0000000000021630      0x21f ./Drivers/STM32F4xx_HAL_Driver/Src/stm32f4xx_hal_spi.o
 .debug_macro   0x000000000002184f      0x211 ./Drivers/STM32F4xx_HAL_Driver/Src/stm32f4xx_hal_uart.o
 .debug_macro   0x0000000000021a60      0x210 ./Drivers/STM32F4xx_HAL_Driver/Src/stm32f4xx_ll_usb.o
 .debug_macro   0x0000000000021c70      0x43e ./Middlewares/ST/STM32_USB_Host_Library/Class/CDC/Src/usbh_cdc.o
 .debug_macro   0x00000000000220ae       0x16 ./Middlewares/ST/STM32_USB_Host_Library/Class/CDC/Src/usbh_cdc.o
 .debug_macro   0x00000000000220c4       0x97 ./Middlewares/ST/STM32_USB_Host_Library/Class/CDC/Src/usbh_cdc.o
 .debug_macro   0x000000000002215b       0xfd ./Middlewares/ST/STM32_USB_Host_Library/Class/CDC/Src/usbh_cdc.o
 .debug_macro   0x0000000000022258       0x16 ./Middlewares/ST/STM32_USB_Host_Library/Class/CDC/Src/usbh_cdc.o
 .debug_macro   0x000000000002226e       0x56 ./Middlewares/ST/STM32_USB_Host_Library/Class/CDC/Src/usbh_cdc.o
 .debug_macro   0x00000000000222c4       0x73 ./Middlewares/ST/STM32_USB_Host_Library/Class/CDC/Src/usbh_cdc.o